<!doctype html public "-//w3c//dtd html 4.0 transitional//en">
<html><head>
<title>Static Call Graph - [.\sx1272mb2das\NUCLEO_CUBE_LORA.axf]</title></head>
<body><HR>
<H1>Static Call Graph for image .\sx1272mb2das\NUCLEO_CUBE_LORA.axf</H1><HR>
<BR><P>#&#060CALLGRAPH&#062# ARM Linker, 5060750: Last Updated: Wed Jun 02 19:12:21 2021
<BR><P>
<H3>Maximum Stack Usage =        832 bytes + Unknown(Cycles, Untraceable Function Pointers)</H3><H3>
Call chain for Maximum Stack Depth:</H3>
main &rArr; LoRaMacProcess &rArr; LoRaMacHandleIrqEvents &rArr; ProcessRadioRxDone &rArr; LoRaMacCryptoUnsecureMessage &rArr; VerifyCmacB0 &rArr; SecureElementVerifyAesCmac &rArr; ComputeCmac &rArr; AES_CMAC_Update &rArr; aes_encrypt &rArr; mix_sub_columns
<P>
<H3>
Mutually Recursive functions
</H3> <LI><a href="#[12]">ADC1_COMP_IRQHandler</a>&nbsp;&nbsp;&nbsp;&rArr;&nbsp;&nbsp;&nbsp;<a href="#[12]">ADC1_COMP_IRQHandler</a><BR>
 <LI><a href="#[2]">HardFault_Handler</a>&nbsp;&nbsp;&nbsp;&rArr;&nbsp;&nbsp;&nbsp;<a href="#[2]">HardFault_Handler</a><BR>
</UL>
<P>
<H3>
Function Pointers
</H3><UL>
 <LI><a href="#[12]">ADC1_COMP_IRQHandler</a> from startup_stm32l073xx.o(.text) referenced from startup_stm32l073xx.o(RESET)
 <LI><a href="#[f]">DMA1_Channel1_IRQHandler</a> from startup_stm32l073xx.o(.text) referenced from startup_stm32l073xx.o(RESET)
 <LI><a href="#[10]">DMA1_Channel2_3_IRQHandler</a> from startup_stm32l073xx.o(.text) referenced from startup_stm32l073xx.o(RESET)
 <LI><a href="#[11]">DMA1_Channel4_5_6_7_IRQHandler</a> from stm32l0xx_it.o(i.DMA1_Channel4_5_6_7_IRQHandler) referenced from startup_stm32l073xx.o(RESET)
 <LI><a href="#[2f]">DummyCB</a> from loramaccrypto.o(i.DummyCB) referenced from loramaccrypto.o(i.LoRaMacCryptoInit)
 <LI><a href="#[3f]">DummyCB</a> from soft-se.o(i.DummyCB) referenced from soft-se.o(i.SecureElementInit)
 <LI><a href="#[b]">EXTI0_1_IRQHandler</a> from stm32l0xx_it.o(i.EXTI0_1_IRQHandler) referenced from startup_stm32l073xx.o(RESET)
 <LI><a href="#[c]">EXTI2_3_IRQHandler</a> from stm32l0xx_it.o(i.EXTI2_3_IRQHandler) referenced from startup_stm32l073xx.o(RESET)
 <LI><a href="#[d]">EXTI4_15_IRQHandler</a> from stm32l0xx_it.o(i.EXTI4_15_IRQHandler) referenced from startup_stm32l073xx.o(RESET)
 <LI><a href="#[3d]">EventClassBNvmCtxChanged</a> from loramac.o(i.EventClassBNvmCtxChanged) referenced from loramac.o(i.LoRaMacInitialization)
 <LI><a href="#[3c]">EventCommandsNvmCtxChanged</a> from loramac.o(i.EventCommandsNvmCtxChanged) referenced from loramac.o(i.LoRaMacInitialization)
 <LI><a href="#[30]">EventConfirmQueueNvmCtxChanged</a> from loramac.o(i.EventConfirmQueueNvmCtxChanged) referenced from loramac.o(i.LoRaMacInitialization)
 <LI><a href="#[3b]">EventCryptoNvmCtxChanged</a> from loramac.o(i.EventCryptoNvmCtxChanged) referenced from loramac.o(i.LoRaMacInitialization)
 <LI><a href="#[3a]">EventSecureElementNvmCtxChanged</a> from loramac.o(i.EventSecureElementNvmCtxChanged) referenced from loramac.o(i.LoRaMacInitialization)
 <LI><a href="#[9]">FLASH_IRQHandler</a> from startup_stm32l073xx.o(.text) referenced from startup_stm32l073xx.o(RESET)
 <LI><a href="#[6c]">HW_GetRandomSeed</a> from stm32l0xx_hw.o(i.HW_GetRandomSeed) referenced from main.o(.data)
 <LI><a href="#[6a]">HW_GetTemperatureLevel</a> from stm32l0xx_hw.o(i.HW_GetTemperatureLevel) referenced from main.o(.data)
 <LI><a href="#[6b]">HW_GetUniqueId</a> from stm32l0xx_hw.o(i.HW_GetUniqueId) referenced from main.o(.data)
 <LI><a href="#[2]">HardFault_Handler</a> from stm32l0xx_it.o(i.HardFault_Handler) referenced from startup_stm32l073xx.o(RESET)
 <LI><a href="#[1c]">I2C1_IRQHandler</a> from startup_stm32l073xx.o(.text) referenced from startup_stm32l073xx.o(RESET)
 <LI><a href="#[1d]">I2C2_IRQHandler</a> from startup_stm32l073xx.o(.text) referenced from startup_stm32l073xx.o(RESET)
 <LI><a href="#[1a]">I2C3_IRQHandler</a> from startup_stm32l073xx.o(.text) referenced from startup_stm32l073xx.o(RESET)
 <LI><a href="#[23]">LCD_IRQHandler</a> from startup_stm32l073xx.o(.text) referenced from startup_stm32l073xx.o(RESET)
 <LI><a href="#[6f]">LORA_ConfirmClass</a> from main.o(i.LORA_ConfirmClass) referenced from main.o(.data)
 <LI><a href="#[69]">LORA_GetBatteryLevel</a> from main.o(i.LORA_GetBatteryLevel) referenced from main.o(.data)
 <LI><a href="#[6e]">LORA_HasJoined</a> from main.o(i.LORA_HasJoined) referenced from main.o(.data)
 <LI><a href="#[6d]">LORA_RxData</a> from main.o(i.LORA_RxData) referenced from main.o(.data)
 <LI><a href="#[70]">LORA_TxNeeded</a> from main.o(i.LORA_TxNeeded) referenced from main.o(.data)
 <LI><a href="#[13]">LPTIM1_IRQHandler</a> from startup_stm32l073xx.o(.text) referenced from startup_stm32l073xx.o(RESET)
 <LI><a href="#[71]">LoraMacProcessNotify</a> from main.o(i.LoraMacProcessNotify) referenced from main.o(.data)
 <LI><a href="#[2b]">McpsConfirm</a> from lora.o(i.McpsConfirm) referenced from lora.o(i.LORA_Init)
 <LI><a href="#[2c]">McpsIndication</a> from lora.o(i.McpsIndication) referenced from lora.o(i.LORA_Init)
 <LI><a href="#[2d]">MlmeConfirm</a> from lora.o(i.MlmeConfirm) referenced from lora.o(i.LORA_Init)
 <LI><a href="#[2e]">MlmeIndication</a> from lora.o(i.MlmeIndication) referenced from lora.o(i.LORA_Init)
 <LI><a href="#[1]">NMI_Handler</a> from stm32l0xx_it.o(i.NMI_Handler) referenced from startup_stm32l073xx.o(RESET)
 <LI><a href="#[34]">OnAckTimeoutTimerEvent</a> from loramac.o(i.OnAckTimeoutTimerEvent) referenced from loramac.o(i.LoRaMacInitialization)
 <LI><a href="#[42]">OnCertifTxNextPacketTimerEvent</a> from lora-test.o(i.OnCertifTxNextPacketTimerEvent) referenced from lora-test.o(i.certif_rx)
 <LI><a href="#[36]">OnRadioRxDone</a> from loramac.o(i.OnRadioRxDone) referenced from loramac.o(i.LoRaMacInitialization)
 <LI><a href="#[37]">OnRadioRxError</a> from loramac.o(i.OnRadioRxError) referenced from loramac.o(i.LoRaMacInitialization)
 <LI><a href="#[39]">OnRadioRxTimeout</a> from loramac.o(i.OnRadioRxTimeout) referenced from loramac.o(i.LoRaMacInitialization)
 <LI><a href="#[35]">OnRadioTxDone</a> from loramac.o(i.OnRadioTxDone) referenced from loramac.o(i.LoRaMacInitialization)
 <LI><a href="#[38]">OnRadioTxTimeout</a> from loramac.o(i.OnRadioTxTimeout) referenced from loramac.o(i.LoRaMacInitialization)
 <LI><a href="#[32]">OnRxWindow1TimerEvent</a> from loramac.o(i.OnRxWindow1TimerEvent) referenced from loramac.o(i.LoRaMacInitialization)
 <LI><a href="#[33]">OnRxWindow2TimerEvent</a> from loramac.o(i.OnRxWindow2TimerEvent) referenced from loramac.o(i.LoRaMacInitialization)
 <LI><a href="#[31]">OnTxDelayedTimerEvent</a> from loramac.o(i.OnTxDelayedTimerEvent) referenced from loramac.o(i.LoRaMacInitialization)
 <LI><a href="#[43]">OnTxTimerEvent</a> from main.o(i.OnTxTimerEvent) referenced from main.o(i.main)
 <LI><a href="#[7]">PVD_IRQHandler</a> from startup_stm32l073xx.o(.text) referenced from startup_stm32l073xx.o(RESET)
 <LI><a href="#[4]">PendSV_Handler</a> from stm32l0xx_it.o(i.PendSV_Handler) referenced from startup_stm32l073xx.o(RESET)
 <LI><a href="#[a]">RCC_CRS_IRQHandler</a> from startup_stm32l073xx.o(.text) referenced from startup_stm32l073xx.o(RESET)
 <LI><a href="#[22]">RNG_LPUART1_IRQHandler</a> from startup_stm32l073xx.o(.text) referenced from startup_stm32l073xx.o(RESET)
 <LI><a href="#[8]">RTC_IRQHandler</a> from stm32l0xx_it.o(i.RTC_IRQHandler) referenced from startup_stm32l073xx.o(RESET)
 <LI><a href="#[0]">Reset_Handler</a> from startup_stm32l073xx.o(.text) referenced from startup_stm32l073xx.o(RESET)
 <LI><a href="#[1e]">SPI1_IRQHandler</a> from startup_stm32l073xx.o(.text) referenced from startup_stm32l073xx.o(RESET)
 <LI><a href="#[1f]">SPI2_IRQHandler</a> from startup_stm32l073xx.o(.text) referenced from startup_stm32l073xx.o(RESET)
 <LI><a href="#[3]">SVC_Handler</a> from stm32l0xx_it.o(i.SVC_Handler) referenced from startup_stm32l073xx.o(RESET)
 <LI><a href="#[4e]">SX1272CheckRfFrequency</a> from sx1272mb2das.o(i.SX1272CheckRfFrequency) referenced from sx1272mb2das.o(.constdata)
 <LI><a href="#[47]">SX1272GetStatus</a> from sx1272.o(i.SX1272GetStatus) referenced from sx1272mb2das.o(.constdata)
 <LI><a href="#[4f]">SX1272GetTimeOnAir</a> from sx1272.o(i.SX1272GetTimeOnAir) referenced from sx1272mb2das.o(.constdata)
 <LI><a href="#[64]">SX1272GetWakeTime</a> from sx1272mb2das.o(i.SX1272GetWakeTime) referenced from sx1272mb2das.o(.data)
 <LI><a href="#[5d]">SX1272GetWakeupTime</a> from sx1272.o(i.SX1272GetWakeupTime) referenced from sx1272mb2das.o(.constdata)
 <LI><a href="#[46]">SX1272Init</a> from sx1272.o(i.SX1272Init) referenced from sx1272mb2das.o(.constdata)
 <LI><a href="#[45]">SX1272IoDeInit</a> from sx1272mb2das.o(i.SX1272IoDeInit) referenced from sx1272mb2das.o(.constdata)
 <LI><a href="#[44]">SX1272IoInit</a> from sx1272mb2das.o(i.SX1272IoInit) referenced from sx1272mb2das.o(.constdata)
 <LI><a href="#[65]">SX1272IoIrqInit</a> from sx1272mb2das.o(i.SX1272IoIrqInit) referenced from sx1272mb2das.o(.data)
 <LI><a href="#[4a]">SX1272IsChannelFree</a> from sx1272.o(i.SX1272IsChannelFree) referenced from sx1272mb2das.o(.constdata)
 <LI><a href="#[5e]">SX1272OnDio0Irq</a> from sx1272.o(i.SX1272OnDio0Irq) referenced from sx1272.o(.data)
 <LI><a href="#[5f]">SX1272OnDio1Irq</a> from sx1272.o(i.SX1272OnDio1Irq) referenced from sx1272.o(.data)
 <LI><a href="#[60]">SX1272OnDio2Irq</a> from sx1272.o(i.SX1272OnDio2Irq) referenced from sx1272.o(.data)
 <LI><a href="#[61]">SX1272OnDio3Irq</a> from sx1272.o(i.SX1272OnDio3Irq) referenced from sx1272.o(.data)
 <LI><a href="#[62]">SX1272OnDio4Irq</a> from sx1272.o(i.SX1272OnDio4Irq) referenced from sx1272.o(.data)
 <LI><a href="#[3e]">SX1272OnTimeoutIrq</a> from sx1272.o(i.SX1272OnTimeoutIrq) referenced from sx1272.o(i.SX1272Init)
 <LI><a href="#[4b]">SX1272Random</a> from sx1272.o(i.SX1272Random) referenced from sx1272mb2das.o(.constdata)
 <LI><a href="#[58]">SX1272Read</a> from sx1272.o(i.SX1272Read) referenced from sx1272mb2das.o(.constdata)
 <LI><a href="#[5a]">SX1272ReadBuffer</a> from sx1272.o(i.SX1272ReadBuffer) referenced from sx1272mb2das.o(.constdata)
 <LI><a href="#[56]">SX1272ReadRssi</a> from sx1272.o(i.SX1272ReadRssi) referenced from sx1272mb2das.o(.constdata)
 <LI><a href="#[50]">SX1272Send</a> from sx1272.o(i.SX1272Send) referenced from sx1272mb2das.o(.constdata)
 <LI><a href="#[68]">SX1272SetAntSw</a> from sx1272mb2das.o(i.SX1272SetAntSw) referenced from sx1272mb2das.o(.data)
 <LI><a href="#[67]">SX1272SetAntSwLowPower</a> from sx1272mb2das.o(i.SX1272SetAntSwLowPower) referenced from sx1272mb2das.o(.data)
 <LI><a href="#[49]">SX1272SetChannel</a> from sx1272.o(i.SX1272SetChannel) referenced from sx1272mb2das.o(.constdata)
 <LI><a href="#[5b]">SX1272SetMaxPayloadLength</a> from sx1272.o(i.SX1272SetMaxPayloadLength) referenced from sx1272mb2das.o(.constdata)
 <LI><a href="#[48]">SX1272SetModem</a> from sx1272.o(i.SX1272SetModem) referenced from sx1272mb2das.o(.constdata)
 <LI><a href="#[5c]">SX1272SetPublicNetwork</a> from sx1272.o(i.SX1272SetPublicNetwork) referenced from sx1272mb2das.o(.constdata)
 <LI><a href="#[66]">SX1272SetRfTxPower</a> from sx1272mb2das.o(i.SX1272SetRfTxPower) referenced from sx1272mb2das.o(.data)
 <LI><a href="#[53]">SX1272SetRx</a> from sx1272.o(i.SX1272SetRx) referenced from sx1272mb2das.o(.constdata)
 <LI><a href="#[4c]">SX1272SetRxConfig</a> from sx1272.o(i.SX1272SetRxConfig) referenced from sx1272mb2das.o(.constdata)
 <LI><a href="#[51]">SX1272SetSleep</a> from sx1272.o(i.SX1272SetSleep) referenced from sx1272mb2das.o(.constdata)
 <LI><a href="#[52]">SX1272SetStby</a> from sx1272.o(i.SX1272SetStby) referenced from sx1272mb2das.o(.constdata)
 <LI><a href="#[4d]">SX1272SetTxConfig</a> from sx1272.o(i.SX1272SetTxConfig) referenced from sx1272mb2das.o(.constdata)
 <LI><a href="#[55]">SX1272SetTxContinuousWave</a> from sx1272.o(i.SX1272SetTxContinuousWave) referenced from sx1272mb2das.o(.constdata)
 <LI><a href="#[63]">SX1272SetXO</a> from sx1272mb2das.o(i.SX1272SetXO) referenced from sx1272mb2das.o(.data)
 <LI><a href="#[54]">SX1272StartCad</a> from sx1272.o(i.SX1272StartCad) referenced from sx1272mb2das.o(.constdata)
 <LI><a href="#[57]">SX1272Write</a> from sx1272.o(i.SX1272Write) referenced from sx1272mb2das.o(.constdata)
 <LI><a href="#[59]">SX1272WriteBuffer</a> from sx1272.o(i.SX1272WriteBuffer) referenced from sx1272mb2das.o(.constdata)
 <LI><a href="#[5]">SysTick_Handler</a> from stm32l0xx_it.o(i.SysTick_Handler) referenced from startup_stm32l073xx.o(RESET)
 <LI><a href="#[26]">SystemInit</a> from system_stm32l0xx.o(i.SystemInit) referenced from startup_stm32l073xx.o(.text)
 <LI><a href="#[19]">TIM21_IRQHandler</a> from startup_stm32l073xx.o(.text) referenced from startup_stm32l073xx.o(RESET)
 <LI><a href="#[1b]">TIM22_IRQHandler</a> from startup_stm32l073xx.o(.text) referenced from startup_stm32l073xx.o(RESET)
 <LI><a href="#[15]">TIM2_IRQHandler</a> from startup_stm32l073xx.o(.text) referenced from startup_stm32l073xx.o(RESET)
 <LI><a href="#[16]">TIM3_IRQHandler</a> from startup_stm32l073xx.o(.text) referenced from startup_stm32l073xx.o(RESET)
 <LI><a href="#[17]">TIM6_DAC_IRQHandler</a> from stm32l0xx_it.o(i.TIM6_DAC_IRQHandler) referenced from startup_stm32l073xx.o(RESET)
 <LI><a href="#[18]">TIM7_IRQHandler</a> from stm32l0xx_it.o(i.TIM7_IRQHandler) referenced from startup_stm32l073xx.o(RESET)
 <LI><a href="#[e]">TSC_IRQHandler</a> from startup_stm32l073xx.o(.text) referenced from startup_stm32l073xx.o(RESET)
 <LI><a href="#[40]">Trace_TxCpltCallback</a> from trace.o(i.Trace_TxCpltCallback) referenced from trace.o(i.TraceInit)
 <LI><a href="#[2a]">UART_DMAError</a> from stm32l0xx_hal_uart.o(i.UART_DMAError) referenced from stm32l0xx_hal_uart.o(i.HAL_UART_Transmit_DMA)
 <LI><a href="#[28]">UART_DMATransmitCplt</a> from stm32l0xx_hal_uart.o(i.UART_DMATransmitCplt) referenced from stm32l0xx_hal_uart.o(i.HAL_UART_Transmit_DMA)
 <LI><a href="#[29]">UART_DMATxHalfCplt</a> from stm32l0xx_hal_uart.o(i.UART_DMATxHalfCplt) referenced from stm32l0xx_hal_uart.o(i.HAL_UART_Transmit_DMA)
 <LI><a href="#[20]">USART1_IRQHandler</a> from startup_stm32l073xx.o(.text) referenced from startup_stm32l073xx.o(RESET)
 <LI><a href="#[21]">USART2_IRQHandler</a> from stm32l0xx_it.o(i.USART2_IRQHandler) referenced from startup_stm32l073xx.o(RESET)
 <LI><a href="#[14]">USART4_5_IRQHandler</a> from startup_stm32l073xx.o(.text) referenced from startup_stm32l073xx.o(RESET)
 <LI><a href="#[24]">USB_IRQHandler</a> from startup_stm32l073xx.o(.text) referenced from startup_stm32l073xx.o(RESET)
 <LI><a href="#[6]">WWDG_IRQHandler</a> from startup_stm32l073xx.o(.text) referenced from startup_stm32l073xx.o(RESET)
 <LI><a href="#[27]">__main</a> from entry.o(.ARM.Collect$$$$00000000) referenced from startup_stm32l073xx.o(.text)
 <LI><a href="#[41]">_snputc</a> from printfa.o(i._snputc) referenced from printfa.o(i.__0vsnprintf)
 <LI><a href="#[25]">main</a> from main.o(i.main) referenced from entry9a.o(.ARM.Collect$$$$0000000B)
</UL>
<P>
<H3>
Global Symbols
</H3>
<P><STRONG><a name="[27]"></a>__main</STRONG> (Thumb, 0 bytes, Stack size unknown bytes, entry.o(.ARM.Collect$$$$00000000))
<BR>[Address Reference Count : 1]<UL><LI> startup_stm32l073xx.o(.text)
</UL>
<P><STRONG><a name="[24c]"></a>_main_stk</STRONG> (Thumb, 0 bytes, Stack size unknown bytes, entry2.o(.ARM.Collect$$$$00000001))

<P><STRONG><a name="[72]"></a>_main_scatterload</STRONG> (Thumb, 0 bytes, Stack size unknown bytes, entry5.o(.ARM.Collect$$$$00000004))
<BR><BR>[Calls]<UL><LI><a href="#[73]">&gt;&gt;</a>&nbsp;&nbsp;&nbsp;__scatterload
</UL>

<P><STRONG><a name="[91]"></a>__main_after_scatterload</STRONG> (Thumb, 0 bytes, Stack size unknown bytes, entry5.o(.ARM.Collect$$$$00000004))
<BR><BR>[Called By]<UL><LI><a href="#[73]">&gt;&gt;</a>&nbsp;&nbsp;&nbsp;__scatterload
</UL>

<P><STRONG><a name="[24d]"></a>_main_clock</STRONG> (Thumb, 0 bytes, Stack size unknown bytes, entry7b.o(.ARM.Collect$$$$00000008))

<P><STRONG><a name="[24e]"></a>_main_cpp_init</STRONG> (Thumb, 0 bytes, Stack size unknown bytes, entry8b.o(.ARM.Collect$$$$0000000A))

<P><STRONG><a name="[24f]"></a>_main_init</STRONG> (Thumb, 0 bytes, Stack size unknown bytes, entry9a.o(.ARM.Collect$$$$0000000B))

<P><STRONG><a name="[250]"></a>__rt_final_cpp</STRONG> (Thumb, 0 bytes, Stack size unknown bytes, entry10a.o(.ARM.Collect$$$$0000000D))

<P><STRONG><a name="[251]"></a>__rt_final_exit</STRONG> (Thumb, 0 bytes, Stack size unknown bytes, entry11a.o(.ARM.Collect$$$$0000000F))

<P><STRONG><a name="[0]"></a>Reset_Handler</STRONG> (Thumb, 8 bytes, Stack size 0 bytes, startup_stm32l073xx.o(.text))
<BR>[Address Reference Count : 1]<UL><LI> startup_stm32l073xx.o(RESET)
</UL>
<P><STRONG><a name="[12]"></a>ADC1_COMP_IRQHandler</STRONG> (Thumb, 0 bytes, Stack size 0 bytes, startup_stm32l073xx.o(.text))
<BR><BR>[Calls]<UL><LI><a href="#[12]">&gt;&gt;</a>&nbsp;&nbsp;&nbsp;ADC1_COMP_IRQHandler
</UL>
<BR>[Called By]<UL><LI><a href="#[12]">&gt;&gt;</a>&nbsp;&nbsp;&nbsp;ADC1_COMP_IRQHandler
</UL>
<BR>[Address Reference Count : 1]<UL><LI> startup_stm32l073xx.o(RESET)
</UL>
<P><STRONG><a name="[f]"></a>DMA1_Channel1_IRQHandler</STRONG> (Thumb, 0 bytes, Stack size 0 bytes, startup_stm32l073xx.o(.text))
<BR>[Address Reference Count : 1]<UL><LI> startup_stm32l073xx.o(RESET)
</UL>
<P><STRONG><a name="[10]"></a>DMA1_Channel2_3_IRQHandler</STRONG> (Thumb, 0 bytes, Stack size 0 bytes, startup_stm32l073xx.o(.text))
<BR>[Address Reference Count : 1]<UL><LI> startup_stm32l073xx.o(RESET)
</UL>
<P><STRONG><a name="[9]"></a>FLASH_IRQHandler</STRONG> (Thumb, 0 bytes, Stack size 0 bytes, startup_stm32l073xx.o(.text))
<BR>[Address Reference Count : 1]<UL><LI> startup_stm32l073xx.o(RESET)
</UL>
<P><STRONG><a name="[1c]"></a>I2C1_IRQHandler</STRONG> (Thumb, 0 bytes, Stack size 0 bytes, startup_stm32l073xx.o(.text))
<BR>[Address Reference Count : 1]<UL><LI> startup_stm32l073xx.o(RESET)
</UL>
<P><STRONG><a name="[1d]"></a>I2C2_IRQHandler</STRONG> (Thumb, 0 bytes, Stack size 0 bytes, startup_stm32l073xx.o(.text))
<BR>[Address Reference Count : 1]<UL><LI> startup_stm32l073xx.o(RESET)
</UL>
<P><STRONG><a name="[1a]"></a>I2C3_IRQHandler</STRONG> (Thumb, 0 bytes, Stack size 0 bytes, startup_stm32l073xx.o(.text))
<BR>[Address Reference Count : 1]<UL><LI> startup_stm32l073xx.o(RESET)
</UL>
<P><STRONG><a name="[23]"></a>LCD_IRQHandler</STRONG> (Thumb, 0 bytes, Stack size 0 bytes, startup_stm32l073xx.o(.text))
<BR>[Address Reference Count : 1]<UL><LI> startup_stm32l073xx.o(RESET)
</UL>
<P><STRONG><a name="[13]"></a>LPTIM1_IRQHandler</STRONG> (Thumb, 0 bytes, Stack size 0 bytes, startup_stm32l073xx.o(.text))
<BR>[Address Reference Count : 1]<UL><LI> startup_stm32l073xx.o(RESET)
</UL>
<P><STRONG><a name="[7]"></a>PVD_IRQHandler</STRONG> (Thumb, 0 bytes, Stack size 0 bytes, startup_stm32l073xx.o(.text))
<BR>[Address Reference Count : 1]<UL><LI> startup_stm32l073xx.o(RESET)
</UL>
<P><STRONG><a name="[a]"></a>RCC_CRS_IRQHandler</STRONG> (Thumb, 0 bytes, Stack size 0 bytes, startup_stm32l073xx.o(.text))
<BR>[Address Reference Count : 1]<UL><LI> startup_stm32l073xx.o(RESET)
</UL>
<P><STRONG><a name="[22]"></a>RNG_LPUART1_IRQHandler</STRONG> (Thumb, 0 bytes, Stack size 0 bytes, startup_stm32l073xx.o(.text))
<BR>[Address Reference Count : 1]<UL><LI> startup_stm32l073xx.o(RESET)
</UL>
<P><STRONG><a name="[1e]"></a>SPI1_IRQHandler</STRONG> (Thumb, 0 bytes, Stack size 0 bytes, startup_stm32l073xx.o(.text))
<BR>[Address Reference Count : 1]<UL><LI> startup_stm32l073xx.o(RESET)
</UL>
<P><STRONG><a name="[1f]"></a>SPI2_IRQHandler</STRONG> (Thumb, 0 bytes, Stack size 0 bytes, startup_stm32l073xx.o(.text))
<BR>[Address Reference Count : 1]<UL><LI> startup_stm32l073xx.o(RESET)
</UL>
<P><STRONG><a name="[19]"></a>TIM21_IRQHandler</STRONG> (Thumb, 0 bytes, Stack size 0 bytes, startup_stm32l073xx.o(.text))
<BR>[Address Reference Count : 1]<UL><LI> startup_stm32l073xx.o(RESET)
</UL>
<P><STRONG><a name="[1b]"></a>TIM22_IRQHandler</STRONG> (Thumb, 0 bytes, Stack size 0 bytes, startup_stm32l073xx.o(.text))
<BR>[Address Reference Count : 1]<UL><LI> startup_stm32l073xx.o(RESET)
</UL>
<P><STRONG><a name="[15]"></a>TIM2_IRQHandler</STRONG> (Thumb, 0 bytes, Stack size 0 bytes, startup_stm32l073xx.o(.text))
<BR>[Address Reference Count : 1]<UL><LI> startup_stm32l073xx.o(RESET)
</UL>
<P><STRONG><a name="[16]"></a>TIM3_IRQHandler</STRONG> (Thumb, 0 bytes, Stack size 0 bytes, startup_stm32l073xx.o(.text))
<BR>[Address Reference Count : 1]<UL><LI> startup_stm32l073xx.o(RESET)
</UL>
<P><STRONG><a name="[e]"></a>TSC_IRQHandler</STRONG> (Thumb, 0 bytes, Stack size 0 bytes, startup_stm32l073xx.o(.text))
<BR>[Address Reference Count : 1]<UL><LI> startup_stm32l073xx.o(RESET)
</UL>
<P><STRONG><a name="[20]"></a>USART1_IRQHandler</STRONG> (Thumb, 0 bytes, Stack size 0 bytes, startup_stm32l073xx.o(.text))
<BR>[Address Reference Count : 1]<UL><LI> startup_stm32l073xx.o(RESET)
</UL>
<P><STRONG><a name="[14]"></a>USART4_5_IRQHandler</STRONG> (Thumb, 0 bytes, Stack size 0 bytes, startup_stm32l073xx.o(.text))
<BR>[Address Reference Count : 1]<UL><LI> startup_stm32l073xx.o(RESET)
</UL>
<P><STRONG><a name="[24]"></a>USB_IRQHandler</STRONG> (Thumb, 0 bytes, Stack size 0 bytes, startup_stm32l073xx.o(.text))
<BR>[Address Reference Count : 1]<UL><LI> startup_stm32l073xx.o(RESET)
</UL>
<P><STRONG><a name="[6]"></a>WWDG_IRQHandler</STRONG> (Thumb, 0 bytes, Stack size 0 bytes, startup_stm32l073xx.o(.text))
<BR>[Address Reference Count : 1]<UL><LI> startup_stm32l073xx.o(RESET)
</UL>
<P><STRONG><a name="[252]"></a>__aeabi_uidiv</STRONG> (Thumb, 0 bytes, Stack size 12 bytes, uidiv.o(.text), UNUSED)

<P><STRONG><a name="[75]"></a>__aeabi_uidivmod</STRONG> (Thumb, 44 bytes, Stack size 12 bytes, uidiv.o(.text))
<BR><BR>[Stack]<UL><LI>Max Depth = 12<LI>Call Chain = __aeabi_uidivmod
</UL>
<BR>[Called By]<UL><LI><a href="#[49]">&gt;&gt;</a>&nbsp;&nbsp;&nbsp;SX1272SetChannel
<LI><a href="#[94]">&gt;&gt;</a>&nbsp;&nbsp;&nbsp;ADC_DelayMicroSecond
<LI><a href="#[d0]">&gt;&gt;</a>&nbsp;&nbsp;&nbsp;HAL_DMA_Init
<LI><a href="#[e0]">&gt;&gt;</a>&nbsp;&nbsp;&nbsp;HAL_RCC_GetSysClockFreq
<LI><a href="#[100]">&gt;&gt;</a>&nbsp;&nbsp;&nbsp;UART_SetConfig
<LI><a href="#[6a]">&gt;&gt;</a>&nbsp;&nbsp;&nbsp;HW_GetTemperatureLevel
<LI><a href="#[110]">&gt;&gt;</a>&nbsp;&nbsp;&nbsp;HW_GetBatteryLevel
<LI><a href="#[69]">&gt;&gt;</a>&nbsp;&nbsp;&nbsp;LORA_GetBatteryLevel
<LI><a href="#[125]">&gt;&gt;</a>&nbsp;&nbsp;&nbsp;HW_RTC_StartWakeUpAlarm
<LI><a href="#[a1]">&gt;&gt;</a>&nbsp;&nbsp;&nbsp;CalcNextV10X
<LI><a href="#[1ce]">&gt;&gt;</a>&nbsp;&nbsp;&nbsp;ProcessMacCommands
<LI><a href="#[9d]">&gt;&gt;</a>&nbsp;&nbsp;&nbsp;aes_set_key
<LI><a href="#[249]">&gt;&gt;</a>&nbsp;&nbsp;&nbsp;rand1
<LI><a href="#[23d]">&gt;&gt;</a>&nbsp;&nbsp;&nbsp;_printf_core
<LI><a href="#[74]">&gt;&gt;</a>&nbsp;&nbsp;&nbsp;__aeabi_idivmod
</UL>

<P><STRONG><a name="[253]"></a>__aeabi_idiv</STRONG> (Thumb, 0 bytes, Stack size 16 bytes, idiv.o(.text), UNUSED)

<P><STRONG><a name="[74]"></a>__aeabi_idivmod</STRONG> (Thumb, 40 bytes, Stack size 16 bytes, idiv.o(.text))
<BR><BR>[Stack]<UL><LI>Max Depth = 28<LI>Call Chain = __aeabi_idivmod &rArr; __aeabi_uidivmod
</UL>
<BR>[Calls]<UL><LI><a href="#[75]">&gt;&gt;</a>&nbsp;&nbsp;&nbsp;__aeabi_uidivmod
</UL>
<BR>[Called By]<UL><LI><a href="#[1af]">&gt;&gt;</a>&nbsp;&nbsp;&nbsp;TIM35
<LI><a href="#[1ac]">&gt;&gt;</a>&nbsp;&nbsp;&nbsp;TIM15
<LI><a href="#[6a]">&gt;&gt;</a>&nbsp;&nbsp;&nbsp;HW_GetTemperatureLevel
<LI><a href="#[1fd]">&gt;&gt;</a>&nbsp;&nbsp;&nbsp;randr
</UL>

<P><STRONG><a name="[76]"></a>__aeabi_uldivmod</STRONG> (Thumb, 96 bytes, Stack size 48 bytes, uldiv.o(.text))
<BR><BR>[Stack]<UL><LI>Max Depth = 56<LI>Call Chain = __aeabi_uldivmod &rArr; __aeabi_llsr
</UL>
<BR>[Calls]<UL><LI><a href="#[77]">&gt;&gt;</a>&nbsp;&nbsp;&nbsp;__aeabi_llsr
<LI><a href="#[78]">&gt;&gt;</a>&nbsp;&nbsp;&nbsp;__aeabi_llsl
</UL>
<BR>[Called By]<UL><LI><a href="#[100]">&gt;&gt;</a>&nbsp;&nbsp;&nbsp;UART_SetConfig
<LI><a href="#[129]">&gt;&gt;</a>&nbsp;&nbsp;&nbsp;HW_RTC_ms2Tick
<LI><a href="#[d4]">&gt;&gt;</a>&nbsp;&nbsp;&nbsp;HW_RTC_DelayMs
<LI><a href="#[23d]">&gt;&gt;</a>&nbsp;&nbsp;&nbsp;_printf_core
<LI><a href="#[23e]">&gt;&gt;</a>&nbsp;&nbsp;&nbsp;_fp_digits
</UL>

<P><STRONG><a name="[254]"></a>__aeabi_memcpy</STRONG> (Thumb, 36 bytes, Stack size 0 bytes, memcpya.o(.text), UNUSED)

<P><STRONG><a name="[127]"></a>__aeabi_memcpy4</STRONG> (Thumb, 0 bytes, Stack size 0 bytes, memcpya.o(.text))
<BR><BR>[Called By]<UL><LI><a href="#[2c]">&gt;&gt;</a>&nbsp;&nbsp;&nbsp;McpsIndication
<LI><a href="#[125]">&gt;&gt;</a>&nbsp;&nbsp;&nbsp;HW_RTC_StartWakeUpAlarm
<LI><a href="#[195]">&gt;&gt;</a>&nbsp;&nbsp;&nbsp;SwitchClass
<LI><a href="#[1fe]">&gt;&gt;</a>&nbsp;&nbsp;&nbsp;RegionEU868InitDefaults
</UL>

<P><STRONG><a name="[255]"></a>__aeabi_memcpy8</STRONG> (Thumb, 0 bytes, Stack size 0 bytes, memcpya.o(.text), UNUSED)

<P><STRONG><a name="[7a]"></a>__aeabi_memset</STRONG> (Thumb, 14 bytes, Stack size 0 bytes, memseta.o(.text), UNUSED)
<BR><BR>[Called By]<UL><LI><a href="#[7b]">&gt;&gt;</a>&nbsp;&nbsp;&nbsp;_memset$wrapper
<LI><a href="#[79]">&gt;&gt;</a>&nbsp;&nbsp;&nbsp;__aeabi_memclr
</UL>

<P><STRONG><a name="[256]"></a>__aeabi_memset4</STRONG> (Thumb, 0 bytes, Stack size 0 bytes, memseta.o(.text), UNUSED)

<P><STRONG><a name="[257]"></a>__aeabi_memset8</STRONG> (Thumb, 0 bytes, Stack size 0 bytes, memseta.o(.text), UNUSED)

<P><STRONG><a name="[79]"></a>__aeabi_memclr</STRONG> (Thumb, 4 bytes, Stack size 0 bytes, memseta.o(.text), UNUSED)
<BR><BR>[Calls]<UL><LI><a href="#[7a]">&gt;&gt;</a>&nbsp;&nbsp;&nbsp;__aeabi_memset
</UL>

<P><STRONG><a name="[ad]"></a>__aeabi_memclr4</STRONG> (Thumb, 0 bytes, Stack size 0 bytes, memseta.o(.text))
<BR><BR>[Called By]<UL><LI><a href="#[53]">&gt;&gt;</a>&nbsp;&nbsp;&nbsp;SX1272SetRx
<LI><a href="#[216]">&gt;&gt;</a>&nbsp;&nbsp;&nbsp;SX1272Reset
<LI><a href="#[44]">&gt;&gt;</a>&nbsp;&nbsp;&nbsp;SX1272IoInit
<LI><a href="#[45]">&gt;&gt;</a>&nbsp;&nbsp;&nbsp;SX1272IoDeInit
<LI><a href="#[103]">&gt;&gt;</a>&nbsp;&nbsp;&nbsp;vcom_IoInit
<LI><a href="#[151]">&gt;&gt;</a>&nbsp;&nbsp;&nbsp;vcom_IoDeInit
<LI><a href="#[e9]">&gt;&gt;</a>&nbsp;&nbsp;&nbsp;HAL_RTC_MspInit
<LI><a href="#[12b]">&gt;&gt;</a>&nbsp;&nbsp;&nbsp;HW_SPI_IoInit
<LI><a href="#[12c]">&gt;&gt;</a>&nbsp;&nbsp;&nbsp;HW_SPI_IoDeInit
<LI><a href="#[ac]">&gt;&gt;</a>&nbsp;&nbsp;&nbsp;DBG_Init
</UL>

<P><STRONG><a name="[258]"></a>__aeabi_memclr8</STRONG> (Thumb, 0 bytes, Stack size 0 bytes, memseta.o(.text), UNUSED)

<P><STRONG><a name="[7b]"></a>_memset$wrapper</STRONG> (Thumb, 18 bytes, Stack size 8 bytes, memseta.o(.text), UNUSED)
<BR><BR>[Calls]<UL><LI><a href="#[7a]">&gt;&gt;</a>&nbsp;&nbsp;&nbsp;__aeabi_memset
</UL>

<P><STRONG><a name="[a9]"></a>__aeabi_uread4</STRONG> (Thumb, 20 bytes, Stack size 0 bytes, uread4.o(.text))
<BR><BR>[Called By]<UL><LI><a href="#[a7]">&gt;&gt;</a>&nbsp;&nbsp;&nbsp;ComputeCmac
</UL>

<P><STRONG><a name="[259]"></a>__rt_uread4</STRONG> (Thumb, 0 bytes, Stack size 0 bytes, uread4.o(.text), UNUSED)

<P><STRONG><a name="[25a]"></a>_uread4</STRONG> (Thumb, 0 bytes, Stack size 0 bytes, uread4.o(.text), UNUSED)

<P><STRONG><a name="[7c]"></a>__aeabi_fadd</STRONG> (Thumb, 162 bytes, Stack size 24 bytes, fadd.o(.text))
<BR><BR>[Stack]<UL><LI>Max Depth = 36<LI>Call Chain = __aeabi_fadd &rArr; _float_epilogue
</UL>
<BR>[Calls]<UL><LI><a href="#[7e]">&gt;&gt;</a>&nbsp;&nbsp;&nbsp;_float_round
<LI><a href="#[7d]">&gt;&gt;</a>&nbsp;&nbsp;&nbsp;_float_epilogue
</UL>
<BR>[Called By]<UL><LI><a href="#[80]">&gt;&gt;</a>&nbsp;&nbsp;&nbsp;__aeabi_frsub
<LI><a href="#[7f]">&gt;&gt;</a>&nbsp;&nbsp;&nbsp;__aeabi_fsub
</UL>

<P><STRONG><a name="[7f]"></a>__aeabi_fsub</STRONG> (Thumb, 8 bytes, Stack size 0 bytes, fadd.o(.text))
<BR><BR>[Stack]<UL><LI>Max Depth = 36<LI>Call Chain = __aeabi_fsub &rArr; __aeabi_fadd &rArr; _float_epilogue
</UL>
<BR>[Calls]<UL><LI><a href="#[7c]">&gt;&gt;</a>&nbsp;&nbsp;&nbsp;__aeabi_fadd
</UL>
<BR>[Called By]<UL><LI><a href="#[1ef]">&gt;&gt;</a>&nbsp;&nbsp;&nbsp;RegionCommonComputeTxPower
</UL>

<P><STRONG><a name="[80]"></a>__aeabi_frsub</STRONG> (Thumb, 8 bytes, Stack size 0 bytes, fadd.o(.text))
<BR><BR>[Stack]<UL><LI>Max Depth = 36<LI>Call Chain = __aeabi_frsub &rArr; __aeabi_fadd &rArr; _float_epilogue
</UL>
<BR>[Calls]<UL><LI><a href="#[7c]">&gt;&gt;</a>&nbsp;&nbsp;&nbsp;__aeabi_fadd
</UL>
<BR>[Called By]<UL><LI><a href="#[1ef]">&gt;&gt;</a>&nbsp;&nbsp;&nbsp;RegionCommonComputeTxPower
</UL>

<P><STRONG><a name="[81]"></a>__aeabi_dadd</STRONG> (Thumb, 328 bytes, Stack size 48 bytes, dadd.o(.text))
<BR><BR>[Stack]<UL><LI>Max Depth = 104<LI>Call Chain = __aeabi_dadd &rArr; _double_epilogue &rArr; __aeabi_llsr
</UL>
<BR>[Calls]<UL><LI><a href="#[82]">&gt;&gt;</a>&nbsp;&nbsp;&nbsp;__aeabi_lasr
<LI><a href="#[78]">&gt;&gt;</a>&nbsp;&nbsp;&nbsp;__aeabi_llsl
<LI><a href="#[84]">&gt;&gt;</a>&nbsp;&nbsp;&nbsp;_double_round
<LI><a href="#[83]">&gt;&gt;</a>&nbsp;&nbsp;&nbsp;_double_epilogue
</UL>
<BR>[Called By]<UL><LI><a href="#[4f]">&gt;&gt;</a>&nbsp;&nbsp;&nbsp;SX1272GetTimeOnAir
<LI><a href="#[1ea]">&gt;&gt;</a>&nbsp;&nbsp;&nbsp;RegionCommonComputeRxWindowParameters
<LI><a href="#[85]">&gt;&gt;</a>&nbsp;&nbsp;&nbsp;__aeabi_dsub
<LI><a href="#[23e]">&gt;&gt;</a>&nbsp;&nbsp;&nbsp;_fp_digits
<LI><a href="#[214]">&gt;&gt;</a>&nbsp;&nbsp;&nbsp;round
<LI><a href="#[1f1]">&gt;&gt;</a>&nbsp;&nbsp;&nbsp;floor
<LI><a href="#[86]">&gt;&gt;</a>&nbsp;&nbsp;&nbsp;__aeabi_drsub
<LI><a href="#[1eb]">&gt;&gt;</a>&nbsp;&nbsp;&nbsp;ceil
</UL>

<P><STRONG><a name="[85]"></a>__aeabi_dsub</STRONG> (Thumb, 12 bytes, Stack size 8 bytes, dadd.o(.text))
<BR><BR>[Stack]<UL><LI>Max Depth = 112<LI>Call Chain = __aeabi_dsub &rArr; __aeabi_dadd &rArr; _double_epilogue &rArr; __aeabi_llsr
</UL>
<BR>[Calls]<UL><LI><a href="#[81]">&gt;&gt;</a>&nbsp;&nbsp;&nbsp;__aeabi_dadd
</UL>
<BR>[Called By]<UL><LI><a href="#[1ea]">&gt;&gt;</a>&nbsp;&nbsp;&nbsp;RegionCommonComputeRxWindowParameters
<LI><a href="#[214]">&gt;&gt;</a>&nbsp;&nbsp;&nbsp;round
</UL>

<P><STRONG><a name="[86]"></a>__aeabi_drsub</STRONG> (Thumb, 12 bytes, Stack size 8 bytes, dadd.o(.text))
<BR><BR>[Stack]<UL><LI>Max Depth = 112<LI>Call Chain = __aeabi_drsub &rArr; __aeabi_dadd &rArr; _double_epilogue &rArr; __aeabi_llsr
</UL>
<BR>[Calls]<UL><LI><a href="#[81]">&gt;&gt;</a>&nbsp;&nbsp;&nbsp;__aeabi_dadd
</UL>
<BR>[Called By]<UL><LI><a href="#[1f1]">&gt;&gt;</a>&nbsp;&nbsp;&nbsp;floor
<LI><a href="#[1eb]">&gt;&gt;</a>&nbsp;&nbsp;&nbsp;ceil
</UL>

<P><STRONG><a name="[87]"></a>__aeabi_dmul</STRONG> (Thumb, 202 bytes, Stack size 72 bytes, dmul.o(.text))
<BR><BR>[Stack]<UL><LI>Max Depth = 128<LI>Call Chain = __aeabi_dmul &rArr; _double_epilogue &rArr; __aeabi_llsr
</UL>
<BR>[Calls]<UL><LI><a href="#[83]">&gt;&gt;</a>&nbsp;&nbsp;&nbsp;_double_epilogue
</UL>
<BR>[Called By]<UL><LI><a href="#[4c]">&gt;&gt;</a>&nbsp;&nbsp;&nbsp;SX1272SetRxConfig
<LI><a href="#[4f]">&gt;&gt;</a>&nbsp;&nbsp;&nbsp;SX1272GetTimeOnAir
<LI><a href="#[1af]">&gt;&gt;</a>&nbsp;&nbsp;&nbsp;TIM35
<LI><a href="#[1ac]">&gt;&gt;</a>&nbsp;&nbsp;&nbsp;TIM15
<LI><a href="#[1ee]">&gt;&gt;</a>&nbsp;&nbsp;&nbsp;RegionCommonComputeSymbolTimeLoRa
<LI><a href="#[1ea]">&gt;&gt;</a>&nbsp;&nbsp;&nbsp;RegionCommonComputeRxWindowParameters
<LI><a href="#[23e]">&gt;&gt;</a>&nbsp;&nbsp;&nbsp;_fp_digits
</UL>

<P><STRONG><a name="[88]"></a>__aeabi_ddiv</STRONG> (Thumb, 234 bytes, Stack size 40 bytes, ddiv.o(.text))
<BR><BR>[Stack]<UL><LI>Max Depth = 48<LI>Call Chain = __aeabi_ddiv &rArr; _double_round
</UL>
<BR>[Calls]<UL><LI><a href="#[84]">&gt;&gt;</a>&nbsp;&nbsp;&nbsp;_double_round
</UL>
<BR>[Called By]<UL><LI><a href="#[4d]">&gt;&gt;</a>&nbsp;&nbsp;&nbsp;SX1272SetTxConfig
<LI><a href="#[4c]">&gt;&gt;</a>&nbsp;&nbsp;&nbsp;SX1272SetRxConfig
<LI><a href="#[4f]">&gt;&gt;</a>&nbsp;&nbsp;&nbsp;SX1272GetTimeOnAir
<LI><a href="#[1ee]">&gt;&gt;</a>&nbsp;&nbsp;&nbsp;RegionCommonComputeSymbolTimeLoRa
<LI><a href="#[1ed]">&gt;&gt;</a>&nbsp;&nbsp;&nbsp;RegionCommonComputeSymbolTimeFsk
<LI><a href="#[1ea]">&gt;&gt;</a>&nbsp;&nbsp;&nbsp;RegionCommonComputeRxWindowParameters
<LI><a href="#[23e]">&gt;&gt;</a>&nbsp;&nbsp;&nbsp;_fp_digits
</UL>

<P><STRONG><a name="[1ec]"></a>__ARM_scalbn</STRONG> (Thumb, 44 bytes, Stack size 16 bytes, dscalb.o(.text))
<BR><BR>[Stack]<UL><LI>Max Depth = 16<LI>Call Chain = __ARM_scalbn
</UL>
<BR>[Called By]<UL><LI><a href="#[4c]">&gt;&gt;</a>&nbsp;&nbsp;&nbsp;SX1272SetRxConfig
<LI><a href="#[4f]">&gt;&gt;</a>&nbsp;&nbsp;&nbsp;SX1272GetTimeOnAir
<LI><a href="#[1ea]">&gt;&gt;</a>&nbsp;&nbsp;&nbsp;RegionCommonComputeRxWindowParameters
</UL>

<P><STRONG><a name="[25b]"></a>scalbn</STRONG> (Thumb, 0 bytes, Stack size 16 bytes, dscalb.o(.text), UNUSED)

<P><STRONG><a name="[89]"></a>__aeabi_ui2f</STRONG> (Thumb, 14 bytes, Stack size 8 bytes, ffltui.o(.text))
<BR><BR>[Stack]<UL><LI>Max Depth = 20<LI>Call Chain = __aeabi_ui2f &rArr; _float_epilogue
</UL>
<BR>[Calls]<UL><LI><a href="#[7d]">&gt;&gt;</a>&nbsp;&nbsp;&nbsp;_float_epilogue
</UL>
<BR>[Called By]<UL><LI><a href="#[1ce]">&gt;&gt;</a>&nbsp;&nbsp;&nbsp;ProcessMacCommands
<LI><a href="#[1ef]">&gt;&gt;</a>&nbsp;&nbsp;&nbsp;RegionCommonComputeTxPower
</UL>

<P><STRONG><a name="[8a]"></a>__aeabi_i2d</STRONG> (Thumb, 34 bytes, Stack size 16 bytes, dflti.o(.text))
<BR><BR>[Stack]<UL><LI>Max Depth = 72<LI>Call Chain = __aeabi_i2d &rArr; _double_epilogue &rArr; __aeabi_llsr
</UL>
<BR>[Calls]<UL><LI><a href="#[83]">&gt;&gt;</a>&nbsp;&nbsp;&nbsp;_double_epilogue
</UL>
<BR>[Called By]<UL><LI><a href="#[4f]">&gt;&gt;</a>&nbsp;&nbsp;&nbsp;SX1272GetTimeOnAir
<LI><a href="#[1af]">&gt;&gt;</a>&nbsp;&nbsp;&nbsp;TIM35
<LI><a href="#[1ac]">&gt;&gt;</a>&nbsp;&nbsp;&nbsp;TIM15
<LI><a href="#[1ee]">&gt;&gt;</a>&nbsp;&nbsp;&nbsp;RegionCommonComputeSymbolTimeLoRa
<LI><a href="#[1ea]">&gt;&gt;</a>&nbsp;&nbsp;&nbsp;RegionCommonComputeRxWindowParameters
</UL>

<P><STRONG><a name="[8b]"></a>__aeabi_ui2d</STRONG> (Thumb, 24 bytes, Stack size 16 bytes, dfltui.o(.text))
<BR><BR>[Stack]<UL><LI>Max Depth = 72<LI>Call Chain = __aeabi_ui2d &rArr; _double_epilogue &rArr; __aeabi_llsr
</UL>
<BR>[Calls]<UL><LI><a href="#[83]">&gt;&gt;</a>&nbsp;&nbsp;&nbsp;_double_epilogue
</UL>
<BR>[Called By]<UL><LI><a href="#[4d]">&gt;&gt;</a>&nbsp;&nbsp;&nbsp;SX1272SetTxConfig
<LI><a href="#[4c]">&gt;&gt;</a>&nbsp;&nbsp;&nbsp;SX1272SetRxConfig
<LI><a href="#[4f]">&gt;&gt;</a>&nbsp;&nbsp;&nbsp;SX1272GetTimeOnAir
<LI><a href="#[1ee]">&gt;&gt;</a>&nbsp;&nbsp;&nbsp;RegionCommonComputeSymbolTimeLoRa
<LI><a href="#[1ed]">&gt;&gt;</a>&nbsp;&nbsp;&nbsp;RegionCommonComputeSymbolTimeFsk
<LI><a href="#[1ea]">&gt;&gt;</a>&nbsp;&nbsp;&nbsp;RegionCommonComputeRxWindowParameters
</UL>

<P><STRONG><a name="[8c]"></a>__aeabi_d2iz</STRONG> (Thumb, 62 bytes, Stack size 16 bytes, dfixi.o(.text))
<BR><BR>[Stack]<UL><LI>Max Depth = 24<LI>Call Chain = __aeabi_d2iz &rArr; __aeabi_llsr
</UL>
<BR>[Calls]<UL><LI><a href="#[77]">&gt;&gt;</a>&nbsp;&nbsp;&nbsp;__aeabi_llsr
</UL>
<BR>[Called By]<UL><LI><a href="#[1af]">&gt;&gt;</a>&nbsp;&nbsp;&nbsp;TIM35
<LI><a href="#[1ac]">&gt;&gt;</a>&nbsp;&nbsp;&nbsp;TIM15
<LI><a href="#[1ef]">&gt;&gt;</a>&nbsp;&nbsp;&nbsp;RegionCommonComputeTxPower
<LI><a href="#[1ea]">&gt;&gt;</a>&nbsp;&nbsp;&nbsp;RegionCommonComputeRxWindowParameters
</UL>

<P><STRONG><a name="[8d]"></a>__aeabi_d2uiz</STRONG> (Thumb, 50 bytes, Stack size 8 bytes, dfixui.o(.text))
<BR><BR>[Stack]<UL><LI>Max Depth = 16<LI>Call Chain = __aeabi_d2uiz &rArr; __aeabi_llsr
</UL>
<BR>[Calls]<UL><LI><a href="#[77]">&gt;&gt;</a>&nbsp;&nbsp;&nbsp;__aeabi_llsr
</UL>
<BR>[Called By]<UL><LI><a href="#[4d]">&gt;&gt;</a>&nbsp;&nbsp;&nbsp;SX1272SetTxConfig
<LI><a href="#[4c]">&gt;&gt;</a>&nbsp;&nbsp;&nbsp;SX1272SetRxConfig
<LI><a href="#[4f]">&gt;&gt;</a>&nbsp;&nbsp;&nbsp;SX1272GetTimeOnAir
<LI><a href="#[1ea]">&gt;&gt;</a>&nbsp;&nbsp;&nbsp;RegionCommonComputeRxWindowParameters
</UL>

<P><STRONG><a name="[1f0]"></a>__aeabi_f2d</STRONG> (Thumb, 40 bytes, Stack size 0 bytes, f2d.o(.text))
<BR><BR>[Called By]<UL><LI><a href="#[1ef]">&gt;&gt;</a>&nbsp;&nbsp;&nbsp;RegionCommonComputeTxPower
</UL>

<P><STRONG><a name="[215]"></a>__aeabi_cdrcmple</STRONG> (Thumb, 38 bytes, Stack size 0 bytes, cdrcmple.o(.text))
<BR><BR>[Called By]<UL><LI><a href="#[4f]">&gt;&gt;</a>&nbsp;&nbsp;&nbsp;SX1272GetTimeOnAir
<LI><a href="#[23e]">&gt;&gt;</a>&nbsp;&nbsp;&nbsp;_fp_digits
<LI><a href="#[214]">&gt;&gt;</a>&nbsp;&nbsp;&nbsp;round
<LI><a href="#[1f1]">&gt;&gt;</a>&nbsp;&nbsp;&nbsp;floor
<LI><a href="#[1eb]">&gt;&gt;</a>&nbsp;&nbsp;&nbsp;ceil
</UL>

<P><STRONG><a name="[78]"></a>__aeabi_llsl</STRONG> (Thumb, 32 bytes, Stack size 8 bytes, llshl.o(.text))
<BR><BR>[Stack]<UL><LI>Max Depth = 8<LI>Call Chain = __aeabi_llsl
</UL>
<BR>[Called By]<UL><LI><a href="#[81]">&gt;&gt;</a>&nbsp;&nbsp;&nbsp;__aeabi_dadd
<LI><a href="#[83]">&gt;&gt;</a>&nbsp;&nbsp;&nbsp;_double_epilogue
<LI><a href="#[90]">&gt;&gt;</a>&nbsp;&nbsp;&nbsp;__aeabi_d2ulz
<LI><a href="#[76]">&gt;&gt;</a>&nbsp;&nbsp;&nbsp;__aeabi_uldivmod
<LI><a href="#[8f]">&gt;&gt;</a>&nbsp;&nbsp;&nbsp;_drnd
</UL>

<P><STRONG><a name="[25c]"></a>_ll_shift_l</STRONG> (Thumb, 0 bytes, Stack size 8 bytes, llshl.o(.text), UNUSED)

<P><STRONG><a name="[77]"></a>__aeabi_llsr</STRONG> (Thumb, 34 bytes, Stack size 8 bytes, llushr.o(.text))
<BR><BR>[Stack]<UL><LI>Max Depth = 8<LI>Call Chain = __aeabi_llsr
</UL>
<BR>[Called By]<UL><LI><a href="#[8d]">&gt;&gt;</a>&nbsp;&nbsp;&nbsp;__aeabi_d2uiz
<LI><a href="#[8c]">&gt;&gt;</a>&nbsp;&nbsp;&nbsp;__aeabi_d2iz
<LI><a href="#[83]">&gt;&gt;</a>&nbsp;&nbsp;&nbsp;_double_epilogue
<LI><a href="#[90]">&gt;&gt;</a>&nbsp;&nbsp;&nbsp;__aeabi_d2ulz
<LI><a href="#[76]">&gt;&gt;</a>&nbsp;&nbsp;&nbsp;__aeabi_uldivmod
<LI><a href="#[8f]">&gt;&gt;</a>&nbsp;&nbsp;&nbsp;_drnd
</UL>

<P><STRONG><a name="[25d]"></a>_ll_ushift_r</STRONG> (Thumb, 0 bytes, Stack size 8 bytes, llushr.o(.text), UNUSED)

<P><STRONG><a name="[82]"></a>__aeabi_lasr</STRONG> (Thumb, 38 bytes, Stack size 8 bytes, llsshr.o(.text))
<BR><BR>[Stack]<UL><LI>Max Depth = 8<LI>Call Chain = __aeabi_lasr
</UL>
<BR>[Called By]<UL><LI><a href="#[81]">&gt;&gt;</a>&nbsp;&nbsp;&nbsp;__aeabi_dadd
</UL>

<P><STRONG><a name="[25e]"></a>_ll_sshift_r</STRONG> (Thumb, 0 bytes, Stack size 8 bytes, llsshr.o(.text), UNUSED)

<P><STRONG><a name="[25f]"></a>__I$use$fp</STRONG> (Thumb, 0 bytes, Stack size 0 bytes, iusefp.o(.text), UNUSED)

<P><STRONG><a name="[7e]"></a>_float_round</STRONG> (Thumb, 16 bytes, Stack size 0 bytes, fepilogue.o(.text))
<BR><BR>[Called By]<UL><LI><a href="#[7c]">&gt;&gt;</a>&nbsp;&nbsp;&nbsp;__aeabi_fadd
</UL>

<P><STRONG><a name="[7d]"></a>_float_epilogue</STRONG> (Thumb, 114 bytes, Stack size 12 bytes, fepilogue.o(.text))
<BR><BR>[Stack]<UL><LI>Max Depth = 12<LI>Call Chain = _float_epilogue
</UL>
<BR>[Called By]<UL><LI><a href="#[89]">&gt;&gt;</a>&nbsp;&nbsp;&nbsp;__aeabi_ui2f
<LI><a href="#[7c]">&gt;&gt;</a>&nbsp;&nbsp;&nbsp;__aeabi_fadd
</UL>

<P><STRONG><a name="[84]"></a>_double_round</STRONG> (Thumb, 26 bytes, Stack size 8 bytes, depilogue.o(.text))
<BR><BR>[Stack]<UL><LI>Max Depth = 8<LI>Call Chain = _double_round
</UL>
<BR>[Called By]<UL><LI><a href="#[88]">&gt;&gt;</a>&nbsp;&nbsp;&nbsp;__aeabi_ddiv
<LI><a href="#[81]">&gt;&gt;</a>&nbsp;&nbsp;&nbsp;__aeabi_dadd
<LI><a href="#[83]">&gt;&gt;</a>&nbsp;&nbsp;&nbsp;_double_epilogue
<LI><a href="#[8f]">&gt;&gt;</a>&nbsp;&nbsp;&nbsp;_drnd
</UL>

<P><STRONG><a name="[83]"></a>_double_epilogue</STRONG> (Thumb, 164 bytes, Stack size 48 bytes, depilogue.o(.text))
<BR><BR>[Stack]<UL><LI>Max Depth = 56<LI>Call Chain = _double_epilogue &rArr; __aeabi_llsr
</UL>
<BR>[Calls]<UL><LI><a href="#[8e]">&gt;&gt;</a>&nbsp;&nbsp;&nbsp;__ARM_clz
<LI><a href="#[77]">&gt;&gt;</a>&nbsp;&nbsp;&nbsp;__aeabi_llsr
<LI><a href="#[78]">&gt;&gt;</a>&nbsp;&nbsp;&nbsp;__aeabi_llsl
<LI><a href="#[84]">&gt;&gt;</a>&nbsp;&nbsp;&nbsp;_double_round
</UL>
<BR>[Called By]<UL><LI><a href="#[8b]">&gt;&gt;</a>&nbsp;&nbsp;&nbsp;__aeabi_ui2d
<LI><a href="#[8a]">&gt;&gt;</a>&nbsp;&nbsp;&nbsp;__aeabi_i2d
<LI><a href="#[87]">&gt;&gt;</a>&nbsp;&nbsp;&nbsp;__aeabi_dmul
<LI><a href="#[81]">&gt;&gt;</a>&nbsp;&nbsp;&nbsp;__aeabi_dadd
</UL>

<P><STRONG><a name="[8f]"></a>_drnd</STRONG> (Thumb, 114 bytes, Stack size 24 bytes, drnd.o(.text))
<BR><BR>[Stack]<UL><LI>Max Depth = 32<LI>Call Chain = _drnd &rArr; __aeabi_llsr
</UL>
<BR>[Calls]<UL><LI><a href="#[77]">&gt;&gt;</a>&nbsp;&nbsp;&nbsp;__aeabi_llsr
<LI><a href="#[78]">&gt;&gt;</a>&nbsp;&nbsp;&nbsp;__aeabi_llsl
<LI><a href="#[84]">&gt;&gt;</a>&nbsp;&nbsp;&nbsp;_double_round
</UL>
<BR>[Called By]<UL><LI><a href="#[214]">&gt;&gt;</a>&nbsp;&nbsp;&nbsp;round
</UL>

<P><STRONG><a name="[90]"></a>__aeabi_d2ulz</STRONG> (Thumb, 54 bytes, Stack size 8 bytes, dfixul.o(.text), UNUSED)
<BR><BR>[Calls]<UL><LI><a href="#[77]">&gt;&gt;</a>&nbsp;&nbsp;&nbsp;__aeabi_llsr
<LI><a href="#[78]">&gt;&gt;</a>&nbsp;&nbsp;&nbsp;__aeabi_llsl
</UL>
<BR>[Called By]<UL><LI><a href="#[23e]">&gt;&gt;</a>&nbsp;&nbsp;&nbsp;_fp_digits
</UL>

<P><STRONG><a name="[260]"></a>__aeabi_cdcmpeq</STRONG> (Thumb, 0 bytes, Stack size 0 bytes, cdcmple.o(.text), UNUSED)

<P><STRONG><a name="[24a]"></a>__aeabi_cdcmple</STRONG> (Thumb, 38 bytes, Stack size 0 bytes, cdcmple.o(.text))
<BR><BR>[Called By]<UL><LI><a href="#[214]">&gt;&gt;</a>&nbsp;&nbsp;&nbsp;round
</UL>

<P><STRONG><a name="[73]"></a>__scatterload</STRONG> (Thumb, 28 bytes, Stack size 0 bytes, init.o(.text))
<BR><BR>[Calls]<UL><LI><a href="#[91]">&gt;&gt;</a>&nbsp;&nbsp;&nbsp;__main_after_scatterload
</UL>
<BR>[Called By]<UL><LI><a href="#[72]">&gt;&gt;</a>&nbsp;&nbsp;&nbsp;_main_scatterload
</UL>

<P><STRONG><a name="[261]"></a>__scatterload_rt2</STRONG> (Thumb, 0 bytes, Stack size 0 bytes, init.o(.text), UNUSED)

<P><STRONG><a name="[97]"></a>AES_CMAC_Final</STRONG> (Thumb, 316 bytes, Stack size 56 bytes, cmac.o(i.AES_CMAC_Final))
<BR><BR>[Stack]<UL><LI>Max Depth = 128<LI>Call Chain = AES_CMAC_Final &rArr; aes_encrypt &rArr; mix_sub_columns
</UL>
<BR>[Calls]<UL><LI><a href="#[9a]">&gt;&gt;</a>&nbsp;&nbsp;&nbsp;memcpy1
<LI><a href="#[98]">&gt;&gt;</a>&nbsp;&nbsp;&nbsp;memset1
<LI><a href="#[99]">&gt;&gt;</a>&nbsp;&nbsp;&nbsp;aes_encrypt
</UL>
<BR>[Called By]<UL><LI><a href="#[a7]">&gt;&gt;</a>&nbsp;&nbsp;&nbsp;ComputeCmac
</UL>

<P><STRONG><a name="[9b]"></a>AES_CMAC_Init</STRONG> (Thumb, 32 bytes, Stack size 8 bytes, cmac.o(i.AES_CMAC_Init))
<BR><BR>[Stack]<UL><LI>Max Depth = 8<LI>Call Chain = AES_CMAC_Init
</UL>
<BR>[Calls]<UL><LI><a href="#[98]">&gt;&gt;</a>&nbsp;&nbsp;&nbsp;memset1
</UL>
<BR>[Called By]<UL><LI><a href="#[a7]">&gt;&gt;</a>&nbsp;&nbsp;&nbsp;ComputeCmac
</UL>

<P><STRONG><a name="[9c]"></a>AES_CMAC_SetKey</STRONG> (Thumb, 16 bytes, Stack size 8 bytes, cmac.o(i.AES_CMAC_SetKey))
<BR><BR>[Stack]<UL><LI>Max Depth = 76<LI>Call Chain = AES_CMAC_SetKey &rArr; aes_set_key &rArr; __aeabi_uidivmod
</UL>
<BR>[Calls]<UL><LI><a href="#[9d]">&gt;&gt;</a>&nbsp;&nbsp;&nbsp;aes_set_key
</UL>
<BR>[Called By]<UL><LI><a href="#[a7]">&gt;&gt;</a>&nbsp;&nbsp;&nbsp;ComputeCmac
</UL>

<P><STRONG><a name="[9e]"></a>AES_CMAC_Update</STRONG> (Thumb, 190 bytes, Stack size 64 bytes, cmac.o(i.AES_CMAC_Update))
<BR><BR>[Stack]<UL><LI>Max Depth = 136<LI>Call Chain = AES_CMAC_Update &rArr; aes_encrypt &rArr; mix_sub_columns
</UL>
<BR>[Calls]<UL><LI><a href="#[9a]">&gt;&gt;</a>&nbsp;&nbsp;&nbsp;memcpy1
<LI><a href="#[99]">&gt;&gt;</a>&nbsp;&nbsp;&nbsp;aes_encrypt
</UL>
<BR>[Called By]<UL><LI><a href="#[a7]">&gt;&gt;</a>&nbsp;&nbsp;&nbsp;ComputeCmac
</UL>

<P><STRONG><a name="[115]"></a>BSP_sensor_Init</STRONG> (Thumb, 2 bytes, Stack size 0 bytes, bsp.o(i.BSP_sensor_Init))
<BR><BR>[Called By]<UL><LI><a href="#[111]">&gt;&gt;</a>&nbsp;&nbsp;&nbsp;HW_Init
</UL>

<P><STRONG><a name="[220]"></a>BSP_sensor_Read</STRONG> (Thumb, 18 bytes, Stack size 0 bytes, bsp.o(i.BSP_sensor_Read))
<BR><BR>[Called By]<UL><LI><a href="#[21f]">&gt;&gt;</a>&nbsp;&nbsp;&nbsp;Send
</UL>

<P><STRONG><a name="[ac]"></a>DBG_Init</STRONG> (Thumb, 120 bytes, Stack size 40 bytes, debug.o(i.DBG_Init))
<BR><BR>[Stack]<UL><LI>Max Depth = 64<LI>Call Chain = DBG_Init &rArr; HAL_GPIO_Init
</UL>
<BR>[Calls]<UL><LI><a href="#[ae]">&gt;&gt;</a>&nbsp;&nbsp;&nbsp;HAL_GPIO_Init
<LI><a href="#[b1]">&gt;&gt;</a>&nbsp;&nbsp;&nbsp;HAL_DBGMCU_EnableDBGStopMode
<LI><a href="#[b2]">&gt;&gt;</a>&nbsp;&nbsp;&nbsp;HAL_DBGMCU_EnableDBGStandbyMode
<LI><a href="#[b0]">&gt;&gt;</a>&nbsp;&nbsp;&nbsp;HAL_DBGMCU_EnableDBGSleepMode
<LI><a href="#[af]">&gt;&gt;</a>&nbsp;&nbsp;&nbsp;HAL_GPIO_WritePin
<LI><a href="#[ad]">&gt;&gt;</a>&nbsp;&nbsp;&nbsp;__aeabi_memclr4
</UL>
<BR>[Called By]<UL><LI><a href="#[25]">&gt;&gt;</a>&nbsp;&nbsp;&nbsp;main
</UL>

<P><STRONG><a name="[11]"></a>DMA1_Channel4_5_6_7_IRQHandler</STRONG> (Thumb, 8 bytes, Stack size 8 bytes, stm32l0xx_it.o(i.DMA1_Channel4_5_6_7_IRQHandler))
<BR><BR>[Stack]<UL><LI>Max Depth = 32<LI>Call Chain = DMA1_Channel4_5_6_7_IRQHandler &rArr; vcom_DMA_TX_IRQHandler &rArr; HAL_DMA_IRQHandler
</UL>
<BR>[Calls]<UL><LI><a href="#[b3]">&gt;&gt;</a>&nbsp;&nbsp;&nbsp;vcom_DMA_TX_IRQHandler
</UL>
<BR>[Address Reference Count : 1]<UL><LI> startup_stm32l073xx.o(RESET)
</UL>
<P><STRONG><a name="[1de]"></a>DetermineFrameType</STRONG> (Thumb, 68 bytes, Stack size 0 bytes, loramac.o(i.DetermineFrameType))
<BR><BR>[Called By]<UL><LI><a href="#[17f]">&gt;&gt;</a>&nbsp;&nbsp;&nbsp;ProcessRadioRxDone
</UL>

<P><STRONG><a name="[b]"></a>EXTI0_1_IRQHandler</STRONG> (Thumb, 16 bytes, Stack size 8 bytes, stm32l0xx_it.o(i.EXTI0_1_IRQHandler))
<BR><BR>[Stack]<UL><LI>Max Depth = 32<LI>Call Chain = EXTI0_1_IRQHandler &rArr; HAL_GPIO_EXTI_IRQHandler &rArr; HAL_GPIO_EXTI_Callback &rArr; HW_GPIO_IrqHandler
</UL>
<BR>[Calls]<UL><LI><a href="#[b6]">&gt;&gt;</a>&nbsp;&nbsp;&nbsp;HAL_GPIO_EXTI_IRQHandler
</UL>
<BR>[Address Reference Count : 1]<UL><LI> startup_stm32l073xx.o(RESET)
</UL>
<P><STRONG><a name="[c]"></a>EXTI2_3_IRQHandler</STRONG> (Thumb, 16 bytes, Stack size 8 bytes, stm32l0xx_it.o(i.EXTI2_3_IRQHandler))
<BR><BR>[Stack]<UL><LI>Max Depth = 32<LI>Call Chain = EXTI2_3_IRQHandler &rArr; HAL_GPIO_EXTI_IRQHandler &rArr; HAL_GPIO_EXTI_Callback &rArr; HW_GPIO_IrqHandler
</UL>
<BR>[Calls]<UL><LI><a href="#[b6]">&gt;&gt;</a>&nbsp;&nbsp;&nbsp;HAL_GPIO_EXTI_IRQHandler
</UL>
<BR>[Address Reference Count : 1]<UL><LI> startup_stm32l073xx.o(RESET)
</UL>
<P><STRONG><a name="[d]"></a>EXTI4_15_IRQHandler</STRONG> (Thumb, 92 bytes, Stack size 8 bytes, stm32l0xx_it.o(i.EXTI4_15_IRQHandler))
<BR><BR>[Stack]<UL><LI>Max Depth = 32<LI>Call Chain = EXTI4_15_IRQHandler &rArr; HAL_GPIO_EXTI_IRQHandler &rArr; HAL_GPIO_EXTI_Callback &rArr; HW_GPIO_IrqHandler
</UL>
<BR>[Calls]<UL><LI><a href="#[b6]">&gt;&gt;</a>&nbsp;&nbsp;&nbsp;HAL_GPIO_EXTI_IRQHandler
</UL>
<BR>[Address Reference Count : 1]<UL><LI> startup_stm32l073xx.o(RESET)
</UL>
<P><STRONG><a name="[b7]"></a>Error_Handler</STRONG> (Thumb, 8 bytes, Stack size 0 bytes, debug.o(i.Error_Handler))
<BR><BR>[Stack]<UL><LI>Max Depth = 372<LI>Call Chain = Error_Handler &rArr; TraceSend &rArr; vcom_Trace &rArr; HAL_UART_Transmit_DMA &rArr; HAL_DMA_Start_IT &rArr; DMA_SetConfig
</UL>
<BR>[Calls]<UL><LI><a href="#[b8]">&gt;&gt;</a>&nbsp;&nbsp;&nbsp;TraceSend
</UL>
<BR>[Called By]<UL><LI><a href="#[22c]">&gt;&gt;</a>&nbsp;&nbsp;&nbsp;vcom_Init
<LI><a href="#[e9]">&gt;&gt;</a>&nbsp;&nbsp;&nbsp;HAL_RTC_MspInit
<LI><a href="#[1b0]">&gt;&gt;</a>&nbsp;&nbsp;&nbsp;MX_USART2_UART_Init
<LI><a href="#[1ae]">&gt;&gt;</a>&nbsp;&nbsp;&nbsp;MX_TIM7_Init
<LI><a href="#[1ab]">&gt;&gt;</a>&nbsp;&nbsp;&nbsp;MX_TIM6_Init
<LI><a href="#[112]">&gt;&gt;</a>&nbsp;&nbsp;&nbsp;HW_SPI_Init
</UL>

<P><STRONG><a name="[ba]"></a>GetCtxs</STRONG> (Thumb, 92 bytes, Stack size 16 bytes, loramac.o(i.GetCtxs))
<BR><BR>[Stack]<UL><LI>Max Depth = 24<LI>Call Chain = GetCtxs &rArr; RegionGetNvmCtx
</UL>
<BR>[Calls]<UL><LI><a href="#[bd]">&gt;&gt;</a>&nbsp;&nbsp;&nbsp;SecureElementGetNvmCtx
<LI><a href="#[bc]">&gt;&gt;</a>&nbsp;&nbsp;&nbsp;RegionGetNvmCtx
<LI><a href="#[bb]">&gt;&gt;</a>&nbsp;&nbsp;&nbsp;LoRaMacCryptoGetNvmCtx
<LI><a href="#[c0]">&gt;&gt;</a>&nbsp;&nbsp;&nbsp;LoRaMacConfirmQueueGetNvmCtx
<LI><a href="#[be]">&gt;&gt;</a>&nbsp;&nbsp;&nbsp;LoRaMacCommandsGetNvmCtx
<LI><a href="#[bf]">&gt;&gt;</a>&nbsp;&nbsp;&nbsp;LoRaMacClassBGetNvmCtx
</UL>
<BR>[Called By]<UL><LI><a href="#[145]">&gt;&gt;</a>&nbsp;&nbsp;&nbsp;LoRaMacMibGetRequestConfirm
</UL>

<P><STRONG><a name="[a8]"></a>GetKeyByID</STRONG> (Thumb, 54 bytes, Stack size 12 bytes, soft-se.o(i.GetKeyByID))
<BR><BR>[Stack]<UL><LI>Max Depth = 12<LI>Call Chain = GetKeyByID
</UL>
<BR>[Called By]<UL><LI><a href="#[167]">&gt;&gt;</a>&nbsp;&nbsp;&nbsp;SecureElementAesEncrypt
<LI><a href="#[a7]">&gt;&gt;</a>&nbsp;&nbsp;&nbsp;ComputeCmac
</UL>

<P><STRONG><a name="[c8]"></a>HAL_ADCEx_Calibration_Start</STRONG> (Thumb, 170 bytes, Stack size 24 bytes, stm32l0xx_hal_adc_ex.o(i.HAL_ADCEx_Calibration_Start))
<BR><BR>[Stack]<UL><LI>Max Depth = 24<LI>Call Chain = HAL_ADCEx_Calibration_Start
</UL>
<BR>[Calls]<UL><LI><a href="#[93]">&gt;&gt;</a>&nbsp;&nbsp;&nbsp;HAL_GetTick
</UL>
<BR>[Called By]<UL><LI><a href="#[109]">&gt;&gt;</a>&nbsp;&nbsp;&nbsp;HW_AdcReadChannel
</UL>

<P><STRONG><a name="[c9]"></a>HAL_ADC_ConfigChannel</STRONG> (Thumb, 174 bytes, Stack size 24 bytes, stm32l0xx_hal_adc.o(i.HAL_ADC_ConfigChannel))
<BR><BR>[Stack]<UL><LI>Max Depth = 52<LI>Call Chain = HAL_ADC_ConfigChannel &rArr; ADC_DelayMicroSecond &rArr; __aeabi_uidivmod
</UL>
<BR>[Calls]<UL><LI><a href="#[94]">&gt;&gt;</a>&nbsp;&nbsp;&nbsp;ADC_DelayMicroSecond
</UL>
<BR>[Called By]<UL><LI><a href="#[109]">&gt;&gt;</a>&nbsp;&nbsp;&nbsp;HW_AdcReadChannel
</UL>

<P><STRONG><a name="[ca]"></a>HAL_ADC_DeInit</STRONG> (Thumb, 164 bytes, Stack size 16 bytes, stm32l0xx_hal_adc.o(i.HAL_ADC_DeInit))
<BR><BR>[Stack]<UL><LI>Max Depth = 40<LI>Call Chain = HAL_ADC_DeInit &rArr; ADC_Disable
</UL>
<BR>[Calls]<UL><LI><a href="#[95]">&gt;&gt;</a>&nbsp;&nbsp;&nbsp;ADC_Disable
<LI><a href="#[92]">&gt;&gt;</a>&nbsp;&nbsp;&nbsp;ADC_ConversionStop
<LI><a href="#[cb]">&gt;&gt;</a>&nbsp;&nbsp;&nbsp;HAL_ADC_MspDeInit
</UL>
<BR>[Called By]<UL><LI><a href="#[107]">&gt;&gt;</a>&nbsp;&nbsp;&nbsp;HW_AdcDeInit
</UL>

<P><STRONG><a name="[10a]"></a>HAL_ADC_GetValue</STRONG> (Thumb, 6 bytes, Stack size 0 bytes, stm32l0xx_hal_adc.o(i.HAL_ADC_GetValue))
<BR><BR>[Called By]<UL><LI><a href="#[109]">&gt;&gt;</a>&nbsp;&nbsp;&nbsp;HW_AdcReadChannel
</UL>

<P><STRONG><a name="[cc]"></a>HAL_ADC_Init</STRONG> (Thumb, 446 bytes, Stack size 16 bytes, stm32l0xx_hal_adc.o(i.HAL_ADC_Init))
<BR><BR>[Stack]<UL><LI>Max Depth = 16<LI>Call Chain = HAL_ADC_Init
</UL>
<BR>[Calls]<UL><LI><a href="#[cd]">&gt;&gt;</a>&nbsp;&nbsp;&nbsp;HAL_ADC_MspInit
</UL>
<BR>[Called By]<UL><LI><a href="#[108]">&gt;&gt;</a>&nbsp;&nbsp;&nbsp;HW_AdcInit
</UL>

<P><STRONG><a name="[cb]"></a>HAL_ADC_MspDeInit</STRONG> (Thumb, 2 bytes, Stack size 0 bytes, stm32l0xx_hal_adc.o(i.HAL_ADC_MspDeInit))
<BR><BR>[Called By]<UL><LI><a href="#[ca]">&gt;&gt;</a>&nbsp;&nbsp;&nbsp;HAL_ADC_DeInit
</UL>

<P><STRONG><a name="[cd]"></a>HAL_ADC_MspInit</STRONG> (Thumb, 2 bytes, Stack size 0 bytes, stm32l0xx_hal_adc.o(i.HAL_ADC_MspInit))
<BR><BR>[Called By]<UL><LI><a href="#[cc]">&gt;&gt;</a>&nbsp;&nbsp;&nbsp;HAL_ADC_Init
</UL>

<P><STRONG><a name="[ce]"></a>HAL_ADC_PollForConversion</STRONG> (Thumb, 192 bytes, Stack size 24 bytes, stm32l0xx_hal_adc.o(i.HAL_ADC_PollForConversion))
<BR><BR>[Stack]<UL><LI>Max Depth = 24<LI>Call Chain = HAL_ADC_PollForConversion
</UL>
<BR>[Calls]<UL><LI><a href="#[93]">&gt;&gt;</a>&nbsp;&nbsp;&nbsp;HAL_GetTick
</UL>
<BR>[Called By]<UL><LI><a href="#[109]">&gt;&gt;</a>&nbsp;&nbsp;&nbsp;HW_AdcReadChannel
</UL>

<P><STRONG><a name="[cf]"></a>HAL_ADC_Start</STRONG> (Thumb, 86 bytes, Stack size 16 bytes, stm32l0xx_hal_adc.o(i.HAL_ADC_Start))
<BR><BR>[Stack]<UL><LI>Max Depth = 68<LI>Call Chain = HAL_ADC_Start &rArr; ADC_Enable &rArr; ADC_DelayMicroSecond &rArr; __aeabi_uidivmod
</UL>
<BR>[Calls]<UL><LI><a href="#[96]">&gt;&gt;</a>&nbsp;&nbsp;&nbsp;ADC_Enable
</UL>
<BR>[Called By]<UL><LI><a href="#[109]">&gt;&gt;</a>&nbsp;&nbsp;&nbsp;HW_AdcReadChannel
</UL>

<P><STRONG><a name="[b0]"></a>HAL_DBGMCU_EnableDBGSleepMode</STRONG> (Thumb, 12 bytes, Stack size 0 bytes, stm32l0xx_hal.o(i.HAL_DBGMCU_EnableDBGSleepMode))
<BR><BR>[Called By]<UL><LI><a href="#[ac]">&gt;&gt;</a>&nbsp;&nbsp;&nbsp;DBG_Init
</UL>

<P><STRONG><a name="[b2]"></a>HAL_DBGMCU_EnableDBGStandbyMode</STRONG> (Thumb, 12 bytes, Stack size 0 bytes, stm32l0xx_hal.o(i.HAL_DBGMCU_EnableDBGStandbyMode))
<BR><BR>[Called By]<UL><LI><a href="#[ac]">&gt;&gt;</a>&nbsp;&nbsp;&nbsp;DBG_Init
</UL>

<P><STRONG><a name="[b1]"></a>HAL_DBGMCU_EnableDBGStopMode</STRONG> (Thumb, 12 bytes, Stack size 0 bytes, stm32l0xx_hal.o(i.HAL_DBGMCU_EnableDBGStopMode))
<BR><BR>[Called By]<UL><LI><a href="#[ac]">&gt;&gt;</a>&nbsp;&nbsp;&nbsp;DBG_Init
</UL>

<P><STRONG><a name="[24b]"></a>HAL_DMA_IRQHandler</STRONG> (Thumb, 168 bytes, Stack size 16 bytes, stm32l0xx_hal_dma.o(i.HAL_DMA_IRQHandler))
<BR><BR>[Stack]<UL><LI>Max Depth = 16<LI>Call Chain = HAL_DMA_IRQHandler
</UL>
<BR>[Called By]<UL><LI><a href="#[b3]">&gt;&gt;</a>&nbsp;&nbsp;&nbsp;vcom_DMA_TX_IRQHandler
</UL>

<P><STRONG><a name="[d0]"></a>HAL_DMA_Init</STRONG> (Thumb, 132 bytes, Stack size 16 bytes, stm32l0xx_hal_dma.o(i.HAL_DMA_Init))
<BR><BR>[Stack]<UL><LI>Max Depth = 28<LI>Call Chain = HAL_DMA_Init &rArr; __aeabi_uidivmod
</UL>
<BR>[Calls]<UL><LI><a href="#[75]">&gt;&gt;</a>&nbsp;&nbsp;&nbsp;__aeabi_uidivmod
</UL>
<BR>[Called By]<UL><LI><a href="#[ff]">&gt;&gt;</a>&nbsp;&nbsp;&nbsp;HAL_UART_MspInit
</UL>

<P><STRONG><a name="[d1]"></a>HAL_DMA_Start_IT</STRONG> (Thumb, 104 bytes, Stack size 24 bytes, stm32l0xx_hal_dma.o(i.HAL_DMA_Start_IT))
<BR><BR>[Stack]<UL><LI>Max Depth = 36<LI>Call Chain = HAL_DMA_Start_IT &rArr; DMA_SetConfig
</UL>
<BR>[Calls]<UL><LI><a href="#[d2]">&gt;&gt;</a>&nbsp;&nbsp;&nbsp;DMA_SetConfig
</UL>
<BR>[Called By]<UL><LI><a href="#[106]">&gt;&gt;</a>&nbsp;&nbsp;&nbsp;HAL_UART_Transmit_DMA
</UL>

<P><STRONG><a name="[d3]"></a>HAL_Delay</STRONG> (Thumb, 10 bytes, Stack size 8 bytes, stm32l0xx_hal_msp.o(i.HAL_Delay))
<BR><BR>[Stack]<UL><LI>Max Depth = 92<LI>Call Chain = HAL_Delay &rArr; HW_RTC_DelayMs &rArr; HW_RTC_GetTimerValue &rArr; HW_RTC_GetCalendarValue &rArr; HAL_RTC_GetTime
</UL>
<BR>[Calls]<UL><LI><a href="#[d4]">&gt;&gt;</a>&nbsp;&nbsp;&nbsp;HW_RTC_DelayMs
</UL>
<BR>[Called By]<UL><LI><a href="#[50]">&gt;&gt;</a>&nbsp;&nbsp;&nbsp;SX1272Send
<LI><a href="#[216]">&gt;&gt;</a>&nbsp;&nbsp;&nbsp;SX1272Reset
<LI><a href="#[4b]">&gt;&gt;</a>&nbsp;&nbsp;&nbsp;SX1272Random
<LI><a href="#[4a]">&gt;&gt;</a>&nbsp;&nbsp;&nbsp;SX1272IsChannelFree
</UL>

<P><STRONG><a name="[d5]"></a>HAL_GPIO_EXTI_Callback</STRONG> (Thumb, 8 bytes, Stack size 8 bytes, stm32l0xx_hal_msp.o(i.HAL_GPIO_EXTI_Callback))
<BR><BR>[Stack]<UL><LI>Max Depth = 16<LI>Call Chain = HAL_GPIO_EXTI_Callback &rArr; HW_GPIO_IrqHandler
</UL>
<BR>[Calls]<UL><LI><a href="#[d6]">&gt;&gt;</a>&nbsp;&nbsp;&nbsp;HW_GPIO_IrqHandler
</UL>
<BR>[Called By]<UL><LI><a href="#[b6]">&gt;&gt;</a>&nbsp;&nbsp;&nbsp;HAL_GPIO_EXTI_IRQHandler
</UL>

<P><STRONG><a name="[b6]"></a>HAL_GPIO_EXTI_IRQHandler</STRONG> (Thumb, 18 bytes, Stack size 8 bytes, stm32l0xx_hal_gpio.o(i.HAL_GPIO_EXTI_IRQHandler))
<BR><BR>[Stack]<UL><LI>Max Depth = 24<LI>Call Chain = HAL_GPIO_EXTI_IRQHandler &rArr; HAL_GPIO_EXTI_Callback &rArr; HW_GPIO_IrqHandler
</UL>
<BR>[Calls]<UL><LI><a href="#[d5]">&gt;&gt;</a>&nbsp;&nbsp;&nbsp;HAL_GPIO_EXTI_Callback
</UL>
<BR>[Called By]<UL><LI><a href="#[d]">&gt;&gt;</a>&nbsp;&nbsp;&nbsp;EXTI4_15_IRQHandler
<LI><a href="#[c]">&gt;&gt;</a>&nbsp;&nbsp;&nbsp;EXTI2_3_IRQHandler
<LI><a href="#[b]">&gt;&gt;</a>&nbsp;&nbsp;&nbsp;EXTI0_1_IRQHandler
</UL>

<P><STRONG><a name="[ae]"></a>HAL_GPIO_Init</STRONG> (Thumb, 356 bytes, Stack size 24 bytes, stm32l0xx_hal_gpio.o(i.HAL_GPIO_Init))
<BR><BR>[Stack]<UL><LI>Max Depth = 24<LI>Call Chain = HAL_GPIO_Init
</UL>
<BR>[Called By]<UL><LI><a href="#[10b]">&gt;&gt;</a>&nbsp;&nbsp;&nbsp;HW_GPIO_Init
<LI><a href="#[103]">&gt;&gt;</a>&nbsp;&nbsp;&nbsp;vcom_IoInit
<LI><a href="#[151]">&gt;&gt;</a>&nbsp;&nbsp;&nbsp;vcom_IoDeInit
<LI><a href="#[ac]">&gt;&gt;</a>&nbsp;&nbsp;&nbsp;DBG_Init
</UL>

<P><STRONG><a name="[af]"></a>HAL_GPIO_WritePin</STRONG> (Thumb, 12 bytes, Stack size 0 bytes, stm32l0xx_hal_gpio.o(i.HAL_GPIO_WritePin))
<BR><BR>[Called By]<UL><LI><a href="#[10f]">&gt;&gt;</a>&nbsp;&nbsp;&nbsp;HW_GPIO_Write
<LI><a href="#[6e]">&gt;&gt;</a>&nbsp;&nbsp;&nbsp;LORA_HasJoined
<LI><a href="#[ac]">&gt;&gt;</a>&nbsp;&nbsp;&nbsp;DBG_Init
<LI><a href="#[1b7]">&gt;&gt;</a>&nbsp;&nbsp;&nbsp;Modbus_Master_Write
</UL>

<P><STRONG><a name="[93]"></a>HAL_GetTick</STRONG> (Thumb, 6 bytes, Stack size 0 bytes, stm32l0xx_hal.o(i.HAL_GetTick))
<BR><BR>[Called By]<UL><LI><a href="#[96]">&gt;&gt;</a>&nbsp;&nbsp;&nbsp;ADC_Enable
<LI><a href="#[95]">&gt;&gt;</a>&nbsp;&nbsp;&nbsp;ADC_Disable
<LI><a href="#[92]">&gt;&gt;</a>&nbsp;&nbsp;&nbsp;ADC_ConversionStop
<LI><a href="#[f3]">&gt;&gt;</a>&nbsp;&nbsp;&nbsp;HAL_SPI_TransmitReceive
<LI><a href="#[ce]">&gt;&gt;</a>&nbsp;&nbsp;&nbsp;HAL_ADC_PollForConversion
<LI><a href="#[c8]">&gt;&gt;</a>&nbsp;&nbsp;&nbsp;HAL_ADCEx_Calibration_Start
<LI><a href="#[213]">&gt;&gt;</a>&nbsp;&nbsp;&nbsp;SPI_WaitFlagStateUntilTimeout
<LI><a href="#[ea]">&gt;&gt;</a>&nbsp;&nbsp;&nbsp;RTC_EnterInitMode
<LI><a href="#[eb]">&gt;&gt;</a>&nbsp;&nbsp;&nbsp;HAL_RTC_WaitForSynchro
<LI><a href="#[ed]">&gt;&gt;</a>&nbsp;&nbsp;&nbsp;HAL_RTC_SetAlarm_IT
<LI><a href="#[e4]">&gt;&gt;</a>&nbsp;&nbsp;&nbsp;HAL_RTC_DeactivateAlarm
<LI><a href="#[df]">&gt;&gt;</a>&nbsp;&nbsp;&nbsp;HAL_RCCEx_PeriphCLKConfig
<LI><a href="#[e1]">&gt;&gt;</a>&nbsp;&nbsp;&nbsp;HAL_RCC_OscConfig
<LI><a href="#[105]">&gt;&gt;</a>&nbsp;&nbsp;&nbsp;UART_WaitOnFlagUntilTimeout
<LI><a href="#[102]">&gt;&gt;</a>&nbsp;&nbsp;&nbsp;UART_CheckIdleState
<LI><a href="#[104]">&gt;&gt;</a>&nbsp;&nbsp;&nbsp;HAL_UART_Transmit
<LI><a href="#[1b8]">&gt;&gt;</a>&nbsp;&nbsp;&nbsp;Modbus_Master_Millis
</UL>

<P><STRONG><a name="[226]"></a>HAL_IncTick</STRONG> (Thumb, 10 bytes, Stack size 0 bytes, stm32l0xx_hal.o(i.HAL_IncTick))
<BR><BR>[Called By]<UL><LI><a href="#[5]">&gt;&gt;</a>&nbsp;&nbsp;&nbsp;SysTick_Handler
</UL>

<P><STRONG><a name="[d7]"></a>HAL_Init</STRONG> (Thumb, 36 bytes, Stack size 8 bytes, stm32l0xx_hal.o(i.HAL_Init))
<BR><BR>[Stack]<UL><LI>Max Depth = 16<LI>Call Chain = HAL_Init &rArr; HAL_MspInit
</UL>
<BR>[Calls]<UL><LI><a href="#[d9]">&gt;&gt;</a>&nbsp;&nbsp;&nbsp;HAL_MspInit
<LI><a href="#[d8]">&gt;&gt;</a>&nbsp;&nbsp;&nbsp;HAL_InitTick
</UL>
<BR>[Called By]<UL><LI><a href="#[25]">&gt;&gt;</a>&nbsp;&nbsp;&nbsp;main
</UL>

<P><STRONG><a name="[d8]"></a>HAL_InitTick</STRONG> (Thumb, 4 bytes, Stack size 0 bytes, stm32l0xx_hal_msp.o(i.HAL_InitTick))
<BR><BR>[Called By]<UL><LI><a href="#[d7]">&gt;&gt;</a>&nbsp;&nbsp;&nbsp;HAL_Init
<LI><a href="#[e1]">&gt;&gt;</a>&nbsp;&nbsp;&nbsp;HAL_RCC_OscConfig
</UL>

<P><STRONG><a name="[d9]"></a>HAL_MspInit</STRONG> (Thumb, 42 bytes, Stack size 8 bytes, stm32l0xx_hal_msp.o(i.HAL_MspInit))
<BR><BR>[Stack]<UL><LI>Max Depth = 8<LI>Call Chain = HAL_MspInit
</UL>
<BR>[Calls]<UL><LI><a href="#[db]">&gt;&gt;</a>&nbsp;&nbsp;&nbsp;HAL_PWREx_EnableUltraLowPower
<LI><a href="#[dc]">&gt;&gt;</a>&nbsp;&nbsp;&nbsp;HAL_PWREx_EnableFastWakeUp
<LI><a href="#[da]">&gt;&gt;</a>&nbsp;&nbsp;&nbsp;HAL_PWR_DisablePVD
</UL>
<BR>[Called By]<UL><LI><a href="#[d7]">&gt;&gt;</a>&nbsp;&nbsp;&nbsp;HAL_Init
</UL>

<P><STRONG><a name="[ec]"></a>HAL_NVIC_EnableIRQ</STRONG> (Thumb, 18 bytes, Stack size 0 bytes, stm32l0xx_hal_cortex.o(i.HAL_NVIC_EnableIRQ))
<BR><BR>[Called By]<UL><LI><a href="#[10d]">&gt;&gt;</a>&nbsp;&nbsp;&nbsp;HW_GPIO_SetIrq
<LI><a href="#[ff]">&gt;&gt;</a>&nbsp;&nbsp;&nbsp;HAL_UART_MspInit
<LI><a href="#[e9]">&gt;&gt;</a>&nbsp;&nbsp;&nbsp;HAL_RTC_MspInit
</UL>

<P><STRONG><a name="[dd]"></a>HAL_NVIC_SetPriority</STRONG> (Thumb, 8 bytes, Stack size 8 bytes, stm32l0xx_hal_cortex.o(i.HAL_NVIC_SetPriority))
<BR><BR>[Stack]<UL><LI>Max Depth = 8<LI>Call Chain = HAL_NVIC_SetPriority
</UL>
<BR>[Calls]<UL><LI><a href="#[de]">&gt;&gt;</a>&nbsp;&nbsp;&nbsp;__NVIC_SetPriority
</UL>
<BR>[Called By]<UL><LI><a href="#[10d]">&gt;&gt;</a>&nbsp;&nbsp;&nbsp;HW_GPIO_SetIrq
<LI><a href="#[ff]">&gt;&gt;</a>&nbsp;&nbsp;&nbsp;HAL_UART_MspInit
<LI><a href="#[e9]">&gt;&gt;</a>&nbsp;&nbsp;&nbsp;HAL_RTC_MspInit
</UL>

<P><STRONG><a name="[dc]"></a>HAL_PWREx_EnableFastWakeUp</STRONG> (Thumb, 12 bytes, Stack size 0 bytes, stm32l0xx_hal_pwr_ex.o(i.HAL_PWREx_EnableFastWakeUp))
<BR><BR>[Called By]<UL><LI><a href="#[d9]">&gt;&gt;</a>&nbsp;&nbsp;&nbsp;HAL_MspInit
</UL>

<P><STRONG><a name="[db]"></a>HAL_PWREx_EnableUltraLowPower</STRONG> (Thumb, 12 bytes, Stack size 0 bytes, stm32l0xx_hal_pwr_ex.o(i.HAL_PWREx_EnableUltraLowPower))
<BR><BR>[Called By]<UL><LI><a href="#[d9]">&gt;&gt;</a>&nbsp;&nbsp;&nbsp;HAL_MspInit
</UL>

<P><STRONG><a name="[da]"></a>HAL_PWR_DisablePVD</STRONG> (Thumb, 12 bytes, Stack size 0 bytes, stm32l0xx_hal_pwr.o(i.HAL_PWR_DisablePVD))
<BR><BR>[Called By]<UL><LI><a href="#[d9]">&gt;&gt;</a>&nbsp;&nbsp;&nbsp;HAL_MspInit
</UL>

<P><STRONG><a name="[150]"></a>HAL_PWR_EnterSLEEPMode</STRONG> (Thumb, 40 bytes, Stack size 0 bytes, stm32l0xx_hal_pwr.o(i.HAL_PWR_EnterSLEEPMode))
<BR><BR>[Called By]<UL><LI><a href="#[14a]">&gt;&gt;</a>&nbsp;&nbsp;&nbsp;LPM_EnterSleepMode
</UL>

<P><STRONG><a name="[152]"></a>HAL_PWR_EnterSTOPMode</STRONG> (Thumb, 44 bytes, Stack size 0 bytes, stm32l0xx_hal_pwr.o(i.HAL_PWR_EnterSTOPMode))
<BR><BR>[Called By]<UL><LI><a href="#[14c]">&gt;&gt;</a>&nbsp;&nbsp;&nbsp;LPM_EnterStopMode
</UL>

<P><STRONG><a name="[df]"></a>HAL_RCCEx_PeriphCLKConfig</STRONG> (Thumb, 416 bytes, Stack size 24 bytes, stm32l0xx_hal_rcc_ex.o(i.HAL_RCCEx_PeriphCLKConfig))
<BR><BR>[Stack]<UL><LI>Max Depth = 24<LI>Call Chain = HAL_RCCEx_PeriphCLKConfig
</UL>
<BR>[Calls]<UL><LI><a href="#[93]">&gt;&gt;</a>&nbsp;&nbsp;&nbsp;HAL_GetTick
</UL>
<BR>[Called By]<UL><LI><a href="#[e9]">&gt;&gt;</a>&nbsp;&nbsp;&nbsp;HAL_RTC_MspInit
</UL>

<P><STRONG><a name="[239]"></a>HAL_RCC_GetPCLK1Freq</STRONG> (Thumb, 20 bytes, Stack size 0 bytes, stm32l0xx_hal_rcc.o(i.HAL_RCC_GetPCLK1Freq))
<BR><BR>[Called By]<UL><LI><a href="#[100]">&gt;&gt;</a>&nbsp;&nbsp;&nbsp;UART_SetConfig
</UL>

<P><STRONG><a name="[23a]"></a>HAL_RCC_GetPCLK2Freq</STRONG> (Thumb, 20 bytes, Stack size 0 bytes, stm32l0xx_hal_rcc.o(i.HAL_RCC_GetPCLK2Freq))
<BR><BR>[Called By]<UL><LI><a href="#[100]">&gt;&gt;</a>&nbsp;&nbsp;&nbsp;UART_SetConfig
</UL>

<P><STRONG><a name="[e0]"></a>HAL_RCC_GetSysClockFreq</STRONG> (Thumb, 100 bytes, Stack size 8 bytes, stm32l0xx_hal_rcc.o(i.HAL_RCC_GetSysClockFreq))
<BR><BR>[Stack]<UL><LI>Max Depth = 20<LI>Call Chain = HAL_RCC_GetSysClockFreq &rArr; __aeabi_uidivmod
</UL>
<BR>[Calls]<UL><LI><a href="#[75]">&gt;&gt;</a>&nbsp;&nbsp;&nbsp;__aeabi_uidivmod
</UL>
<BR>[Called By]<UL><LI><a href="#[e1]">&gt;&gt;</a>&nbsp;&nbsp;&nbsp;HAL_RCC_OscConfig
<LI><a href="#[100]">&gt;&gt;</a>&nbsp;&nbsp;&nbsp;UART_SetConfig
</UL>

<P><STRONG><a name="[e1]"></a>HAL_RCC_OscConfig</STRONG> (Thumb, 1174 bytes, Stack size 32 bytes, stm32l0xx_hal_rcc.o(i.HAL_RCC_OscConfig))
<BR><BR>[Stack]<UL><LI>Max Depth = 52<LI>Call Chain = HAL_RCC_OscConfig &rArr; HAL_RCC_GetSysClockFreq &rArr; __aeabi_uidivmod
</UL>
<BR>[Calls]<UL><LI><a href="#[93]">&gt;&gt;</a>&nbsp;&nbsp;&nbsp;HAL_GetTick
<LI><a href="#[e0]">&gt;&gt;</a>&nbsp;&nbsp;&nbsp;HAL_RCC_GetSysClockFreq
<LI><a href="#[d8]">&gt;&gt;</a>&nbsp;&nbsp;&nbsp;HAL_InitTick
</UL>
<BR>[Called By]<UL><LI><a href="#[e9]">&gt;&gt;</a>&nbsp;&nbsp;&nbsp;HAL_RTC_MspInit
</UL>

<P><STRONG><a name="[117]"></a>HAL_RTCEx_BKUPRead</STRONG> (Thumb, 12 bytes, Stack size 0 bytes, stm32l0xx_hal_rtc_ex.o(i.HAL_RTCEx_BKUPRead))
<BR><BR>[Called By]<UL><LI><a href="#[116]">&gt;&gt;</a>&nbsp;&nbsp;&nbsp;HW_RTC_BKUPRead
</UL>

<P><STRONG><a name="[119]"></a>HAL_RTCEx_BKUPWrite</STRONG> (Thumb, 12 bytes, Stack size 0 bytes, stm32l0xx_hal_rtc_ex.o(i.HAL_RTCEx_BKUPWrite))
<BR><BR>[Called By]<UL><LI><a href="#[118]">&gt;&gt;</a>&nbsp;&nbsp;&nbsp;HW_RTC_BKUPWrite
</UL>

<P><STRONG><a name="[126]"></a>HAL_RTCEx_EnableBypassShadow</STRONG> (Thumb, 60 bytes, Stack size 12 bytes, stm32l0xx_hal_rtc_ex.o(i.HAL_RTCEx_EnableBypassShadow))
<BR><BR>[Stack]<UL><LI>Max Depth = 12<LI>Call Chain = HAL_RTCEx_EnableBypassShadow
</UL>
<BR>[Called By]<UL><LI><a href="#[11f]">&gt;&gt;</a>&nbsp;&nbsp;&nbsp;HW_RTC_SetConfig
</UL>

<P><STRONG><a name="[e2]"></a>HAL_RTC_AlarmAEventCallback</STRONG> (Thumb, 8 bytes, Stack size 8 bytes, stm32l0xx_hal_msp.o(i.HAL_RTC_AlarmAEventCallback))
<BR><BR>[Stack]<UL><LI>Max Depth = 136<LI>Call Chain = HAL_RTC_AlarmAEventCallback &rArr; TimerIrqHandler &rArr; TimerSetTimeout &rArr; HW_RTC_SetAlarm &rArr; HW_RTC_StartWakeUpAlarm &rArr; HAL_RTC_SetAlarm_IT
</UL>
<BR>[Calls]<UL><LI><a href="#[e3]">&gt;&gt;</a>&nbsp;&nbsp;&nbsp;TimerIrqHandler
</UL>
<BR>[Called By]<UL><LI><a href="#[121]">&gt;&gt;</a>&nbsp;&nbsp;&nbsp;HW_RTC_IrqHandler
</UL>

<P><STRONG><a name="[e4]"></a>HAL_RTC_DeactivateAlarm</STRONG> (Thumb, 184 bytes, Stack size 24 bytes, stm32l0xx_hal_rtc.o(i.HAL_RTC_DeactivateAlarm))
<BR><BR>[Stack]<UL><LI>Max Depth = 24<LI>Call Chain = HAL_RTC_DeactivateAlarm
</UL>
<BR>[Calls]<UL><LI><a href="#[93]">&gt;&gt;</a>&nbsp;&nbsp;&nbsp;HAL_GetTick
</UL>
<BR>[Called By]<UL><LI><a href="#[128]">&gt;&gt;</a>&nbsp;&nbsp;&nbsp;HW_RTC_StopAlarm
<LI><a href="#[113]">&gt;&gt;</a>&nbsp;&nbsp;&nbsp;HW_RTC_Init
</UL>

<P><STRONG><a name="[e5]"></a>HAL_RTC_GetDate</STRONG> (Thumb, 68 bytes, Stack size 8 bytes, stm32l0xx_hal_rtc.o(i.HAL_RTC_GetDate))
<BR><BR>[Stack]<UL><LI>Max Depth = 8<LI>Call Chain = HAL_RTC_GetDate
</UL>
<BR>[Calls]<UL><LI><a href="#[e6]">&gt;&gt;</a>&nbsp;&nbsp;&nbsp;RTC_Bcd2ToByte
</UL>
<BR>[Called By]<UL><LI><a href="#[11c]">&gt;&gt;</a>&nbsp;&nbsp;&nbsp;HW_RTC_GetCalendarValue
</UL>

<P><STRONG><a name="[e7]"></a>HAL_RTC_GetTime</STRONG> (Thumb, 88 bytes, Stack size 12 bytes, stm32l0xx_hal_rtc.o(i.HAL_RTC_GetTime))
<BR><BR>[Stack]<UL><LI>Max Depth = 12<LI>Call Chain = HAL_RTC_GetTime
</UL>
<BR>[Calls]<UL><LI><a href="#[e6]">&gt;&gt;</a>&nbsp;&nbsp;&nbsp;RTC_Bcd2ToByte
</UL>
<BR>[Called By]<UL><LI><a href="#[11c]">&gt;&gt;</a>&nbsp;&nbsp;&nbsp;HW_RTC_GetCalendarValue
</UL>

<P><STRONG><a name="[e8]"></a>HAL_RTC_Init</STRONG> (Thumb, 184 bytes, Stack size 24 bytes, stm32l0xx_hal_rtc.o(i.HAL_RTC_Init))
<BR><BR>[Stack]<UL><LI>Max Depth = 500<LI>Call Chain = HAL_RTC_Init &rArr; HAL_RTC_MspInit &rArr; Error_Handler &rArr; TraceSend &rArr; vcom_Trace &rArr; HAL_UART_Transmit_DMA &rArr; HAL_DMA_Start_IT &rArr; DMA_SetConfig
</UL>
<BR>[Calls]<UL><LI><a href="#[ea]">&gt;&gt;</a>&nbsp;&nbsp;&nbsp;RTC_EnterInitMode
<LI><a href="#[eb]">&gt;&gt;</a>&nbsp;&nbsp;&nbsp;HAL_RTC_WaitForSynchro
<LI><a href="#[e9]">&gt;&gt;</a>&nbsp;&nbsp;&nbsp;HAL_RTC_MspInit
</UL>
<BR>[Called By]<UL><LI><a href="#[11f]">&gt;&gt;</a>&nbsp;&nbsp;&nbsp;HW_RTC_SetConfig
</UL>

<P><STRONG><a name="[e9]"></a>HAL_RTC_MspInit</STRONG> (Thumb, 102 bytes, Stack size 104 bytes, stm32l0xx_hal_msp.o(i.HAL_RTC_MspInit))
<BR><BR>[Stack]<UL><LI>Max Depth = 476<LI>Call Chain = HAL_RTC_MspInit &rArr; Error_Handler &rArr; TraceSend &rArr; vcom_Trace &rArr; HAL_UART_Transmit_DMA &rArr; HAL_DMA_Start_IT &rArr; DMA_SetConfig
</UL>
<BR>[Calls]<UL><LI><a href="#[dd]">&gt;&gt;</a>&nbsp;&nbsp;&nbsp;HAL_NVIC_SetPriority
<LI><a href="#[ec]">&gt;&gt;</a>&nbsp;&nbsp;&nbsp;HAL_NVIC_EnableIRQ
<LI><a href="#[df]">&gt;&gt;</a>&nbsp;&nbsp;&nbsp;HAL_RCCEx_PeriphCLKConfig
<LI><a href="#[e1]">&gt;&gt;</a>&nbsp;&nbsp;&nbsp;HAL_RCC_OscConfig
<LI><a href="#[b7]">&gt;&gt;</a>&nbsp;&nbsp;&nbsp;Error_Handler
<LI><a href="#[ad]">&gt;&gt;</a>&nbsp;&nbsp;&nbsp;__aeabi_memclr4
</UL>
<BR>[Called By]<UL><LI><a href="#[e8]">&gt;&gt;</a>&nbsp;&nbsp;&nbsp;HAL_RTC_Init
</UL>

<P><STRONG><a name="[ed]"></a>HAL_RTC_SetAlarm_IT</STRONG> (Thumb, 390 bytes, Stack size 32 bytes, stm32l0xx_hal_rtc.o(i.HAL_RTC_SetAlarm_IT))
<BR><BR>[Stack]<UL><LI>Max Depth = 32<LI>Call Chain = HAL_RTC_SetAlarm_IT
</UL>
<BR>[Calls]<UL><LI><a href="#[93]">&gt;&gt;</a>&nbsp;&nbsp;&nbsp;HAL_GetTick
<LI><a href="#[ee]">&gt;&gt;</a>&nbsp;&nbsp;&nbsp;RTC_ByteToBcd2
</UL>
<BR>[Called By]<UL><LI><a href="#[125]">&gt;&gt;</a>&nbsp;&nbsp;&nbsp;HW_RTC_StartWakeUpAlarm
</UL>

<P><STRONG><a name="[ef]"></a>HAL_RTC_SetDate</STRONG> (Thumb, 190 bytes, Stack size 24 bytes, stm32l0xx_hal_rtc.o(i.HAL_RTC_SetDate))
<BR><BR>[Stack]<UL><LI>Max Depth = 40<LI>Call Chain = HAL_RTC_SetDate &rArr; RTC_EnterInitMode
</UL>
<BR>[Calls]<UL><LI><a href="#[ea]">&gt;&gt;</a>&nbsp;&nbsp;&nbsp;RTC_EnterInitMode
<LI><a href="#[ee]">&gt;&gt;</a>&nbsp;&nbsp;&nbsp;RTC_ByteToBcd2
<LI><a href="#[eb]">&gt;&gt;</a>&nbsp;&nbsp;&nbsp;HAL_RTC_WaitForSynchro
</UL>
<BR>[Called By]<UL><LI><a href="#[11f]">&gt;&gt;</a>&nbsp;&nbsp;&nbsp;HW_RTC_SetConfig
</UL>

<P><STRONG><a name="[f0]"></a>HAL_RTC_SetTime</STRONG> (Thumb, 228 bytes, Stack size 24 bytes, stm32l0xx_hal_rtc.o(i.HAL_RTC_SetTime))
<BR><BR>[Stack]<UL><LI>Max Depth = 40<LI>Call Chain = HAL_RTC_SetTime &rArr; RTC_EnterInitMode
</UL>
<BR>[Calls]<UL><LI><a href="#[ea]">&gt;&gt;</a>&nbsp;&nbsp;&nbsp;RTC_EnterInitMode
<LI><a href="#[ee]">&gt;&gt;</a>&nbsp;&nbsp;&nbsp;RTC_ByteToBcd2
<LI><a href="#[eb]">&gt;&gt;</a>&nbsp;&nbsp;&nbsp;HAL_RTC_WaitForSynchro
</UL>
<BR>[Called By]<UL><LI><a href="#[11f]">&gt;&gt;</a>&nbsp;&nbsp;&nbsp;HW_RTC_SetConfig
</UL>

<P><STRONG><a name="[eb]"></a>HAL_RTC_WaitForSynchro</STRONG> (Thumb, 52 bytes, Stack size 16 bytes, stm32l0xx_hal_rtc.o(i.HAL_RTC_WaitForSynchro))
<BR><BR>[Stack]<UL><LI>Max Depth = 16<LI>Call Chain = HAL_RTC_WaitForSynchro
</UL>
<BR>[Calls]<UL><LI><a href="#[93]">&gt;&gt;</a>&nbsp;&nbsp;&nbsp;HAL_GetTick
</UL>
<BR>[Called By]<UL><LI><a href="#[f0]">&gt;&gt;</a>&nbsp;&nbsp;&nbsp;HAL_RTC_SetTime
<LI><a href="#[ef]">&gt;&gt;</a>&nbsp;&nbsp;&nbsp;HAL_RTC_SetDate
<LI><a href="#[e8]">&gt;&gt;</a>&nbsp;&nbsp;&nbsp;HAL_RTC_Init
</UL>

<P><STRONG><a name="[f1]"></a>HAL_SPI_Init</STRONG> (Thumb, 128 bytes, Stack size 16 bytes, stm32l0xx_hal_spi.o(i.HAL_SPI_Init))
<BR><BR>[Stack]<UL><LI>Max Depth = 16<LI>Call Chain = HAL_SPI_Init
</UL>
<BR>[Calls]<UL><LI><a href="#[f2]">&gt;&gt;</a>&nbsp;&nbsp;&nbsp;HAL_SPI_MspInit
</UL>
<BR>[Called By]<UL><LI><a href="#[112]">&gt;&gt;</a>&nbsp;&nbsp;&nbsp;HW_SPI_Init
</UL>

<P><STRONG><a name="[f2]"></a>HAL_SPI_MspInit</STRONG> (Thumb, 2 bytes, Stack size 0 bytes, stm32l0xx_hal_spi.o(i.HAL_SPI_MspInit))
<BR><BR>[Called By]<UL><LI><a href="#[f1]">&gt;&gt;</a>&nbsp;&nbsp;&nbsp;HAL_SPI_Init
</UL>

<P><STRONG><a name="[f3]"></a>HAL_SPI_TransmitReceive</STRONG> (Thumb, 496 bytes, Stack size 48 bytes, stm32l0xx_hal_spi.o(i.HAL_SPI_TransmitReceive))
<BR><BR>[Stack]<UL><LI>Max Depth = 88<LI>Call Chain = HAL_SPI_TransmitReceive &rArr; SPI_EndRxTxTransaction &rArr; SPI_WaitFlagStateUntilTimeout
</UL>
<BR>[Calls]<UL><LI><a href="#[93]">&gt;&gt;</a>&nbsp;&nbsp;&nbsp;HAL_GetTick
<LI><a href="#[f4]">&gt;&gt;</a>&nbsp;&nbsp;&nbsp;SPI_EndRxTxTransaction
</UL>
<BR>[Called By]<UL><LI><a href="#[12a]">&gt;&gt;</a>&nbsp;&nbsp;&nbsp;HW_SPI_InOut
</UL>

<P><STRONG><a name="[1ad]"></a>HAL_TIMEx_MasterConfigSynchronization</STRONG> (Thumb, 84 bytes, Stack size 20 bytes, stm32l0xx_hal_tim_ex.o(i.HAL_TIMEx_MasterConfigSynchronization))
<BR><BR>[Stack]<UL><LI>Max Depth = 20<LI>Call Chain = HAL_TIMEx_MasterConfigSynchronization
</UL>
<BR>[Called By]<UL><LI><a href="#[1ae]">&gt;&gt;</a>&nbsp;&nbsp;&nbsp;MX_TIM7_Init
<LI><a href="#[1ab]">&gt;&gt;</a>&nbsp;&nbsp;&nbsp;MX_TIM6_Init
</UL>

<P><STRONG><a name="[f5]"></a>HAL_TIM_Base_Init</STRONG> (Thumb, 62 bytes, Stack size 16 bytes, stm32l0xx_hal_tim.o(i.HAL_TIM_Base_Init))
<BR><BR>[Stack]<UL><LI>Max Depth = 36<LI>Call Chain = HAL_TIM_Base_Init &rArr; TIM_Base_SetConfig
</UL>
<BR>[Calls]<UL><LI><a href="#[f6]">&gt;&gt;</a>&nbsp;&nbsp;&nbsp;HAL_TIM_Base_MspInit
<LI><a href="#[f7]">&gt;&gt;</a>&nbsp;&nbsp;&nbsp;TIM_Base_SetConfig
</UL>
<BR>[Called By]<UL><LI><a href="#[1ae]">&gt;&gt;</a>&nbsp;&nbsp;&nbsp;MX_TIM7_Init
<LI><a href="#[1ab]">&gt;&gt;</a>&nbsp;&nbsp;&nbsp;MX_TIM6_Init
</UL>

<P><STRONG><a name="[f6]"></a>HAL_TIM_Base_MspInit</STRONG> (Thumb, 2 bytes, Stack size 0 bytes, stm32l0xx_hal_tim.o(i.HAL_TIM_Base_MspInit))
<BR><BR>[Called By]<UL><LI><a href="#[f5]">&gt;&gt;</a>&nbsp;&nbsp;&nbsp;HAL_TIM_Base_Init
</UL>

<P><STRONG><a name="[23b]"></a>HAL_TIM_Base_Start_IT</STRONG> (Thumb, 74 bytes, Stack size 0 bytes, stm32l0xx_hal_tim.o(i.HAL_TIM_Base_Start_IT))
<BR><BR>[Called By]<UL><LI><a href="#[21]">&gt;&gt;</a>&nbsp;&nbsp;&nbsp;USART2_IRQHandler
</UL>

<P><STRONG><a name="[227]"></a>HAL_TIM_Base_Stop_IT</STRONG> (Thumb, 38 bytes, Stack size 0 bytes, stm32l0xx_hal_tim.o(i.HAL_TIM_Base_Stop_IT))
<BR><BR>[Called By]<UL><LI><a href="#[21]">&gt;&gt;</a>&nbsp;&nbsp;&nbsp;USART2_IRQHandler
<LI><a href="#[18]">&gt;&gt;</a>&nbsp;&nbsp;&nbsp;TIM7_IRQHandler
<LI><a href="#[17]">&gt;&gt;</a>&nbsp;&nbsp;&nbsp;TIM6_DAC_IRQHandler
</UL>

<P><STRONG><a name="[f9]"></a>HAL_TIM_IC_CaptureCallback</STRONG> (Thumb, 2 bytes, Stack size 0 bytes, stm32l0xx_hal_tim.o(i.HAL_TIM_IC_CaptureCallback))
<BR><BR>[Called By]<UL><LI><a href="#[f8]">&gt;&gt;</a>&nbsp;&nbsp;&nbsp;HAL_TIM_IRQHandler
</UL>

<P><STRONG><a name="[f8]"></a>HAL_TIM_IRQHandler</STRONG> (Thumb, 294 bytes, Stack size 16 bytes, stm32l0xx_hal_tim.o(i.HAL_TIM_IRQHandler))
<BR><BR>[Stack]<UL><LI>Max Depth = 16<LI>Call Chain = HAL_TIM_IRQHandler
</UL>
<BR>[Calls]<UL><LI><a href="#[fd]">&gt;&gt;</a>&nbsp;&nbsp;&nbsp;HAL_TIM_TriggerCallback
<LI><a href="#[fc]">&gt;&gt;</a>&nbsp;&nbsp;&nbsp;HAL_TIM_PeriodElapsedCallback
<LI><a href="#[fb]">&gt;&gt;</a>&nbsp;&nbsp;&nbsp;HAL_TIM_PWM_PulseFinishedCallback
<LI><a href="#[fa]">&gt;&gt;</a>&nbsp;&nbsp;&nbsp;HAL_TIM_OC_DelayElapsedCallback
<LI><a href="#[f9]">&gt;&gt;</a>&nbsp;&nbsp;&nbsp;HAL_TIM_IC_CaptureCallback
</UL>
<BR>[Called By]<UL><LI><a href="#[18]">&gt;&gt;</a>&nbsp;&nbsp;&nbsp;TIM7_IRQHandler
<LI><a href="#[17]">&gt;&gt;</a>&nbsp;&nbsp;&nbsp;TIM6_DAC_IRQHandler
</UL>

<P><STRONG><a name="[fa]"></a>HAL_TIM_OC_DelayElapsedCallback</STRONG> (Thumb, 2 bytes, Stack size 0 bytes, stm32l0xx_hal_tim.o(i.HAL_TIM_OC_DelayElapsedCallback))
<BR><BR>[Called By]<UL><LI><a href="#[f8]">&gt;&gt;</a>&nbsp;&nbsp;&nbsp;HAL_TIM_IRQHandler
</UL>

<P><STRONG><a name="[fb]"></a>HAL_TIM_PWM_PulseFinishedCallback</STRONG> (Thumb, 2 bytes, Stack size 0 bytes, stm32l0xx_hal_tim.o(i.HAL_TIM_PWM_PulseFinishedCallback))
<BR><BR>[Called By]<UL><LI><a href="#[f8]">&gt;&gt;</a>&nbsp;&nbsp;&nbsp;HAL_TIM_IRQHandler
</UL>

<P><STRONG><a name="[fc]"></a>HAL_TIM_PeriodElapsedCallback</STRONG> (Thumb, 2 bytes, Stack size 0 bytes, stm32l0xx_hal_tim.o(i.HAL_TIM_PeriodElapsedCallback))
<BR><BR>[Called By]<UL><LI><a href="#[f8]">&gt;&gt;</a>&nbsp;&nbsp;&nbsp;HAL_TIM_IRQHandler
</UL>

<P><STRONG><a name="[fd]"></a>HAL_TIM_TriggerCallback</STRONG> (Thumb, 2 bytes, Stack size 0 bytes, stm32l0xx_hal_tim.o(i.HAL_TIM_TriggerCallback))
<BR><BR>[Called By]<UL><LI><a href="#[f8]">&gt;&gt;</a>&nbsp;&nbsp;&nbsp;HAL_TIM_IRQHandler
</UL>

<P><STRONG><a name="[236]"></a>HAL_UART_ErrorCallback</STRONG> (Thumb, 2 bytes, Stack size 0 bytes, stm32l0xx_hal_uart.o(i.HAL_UART_ErrorCallback))
<BR><BR>[Called By]<UL><LI><a href="#[2a]">&gt;&gt;</a>&nbsp;&nbsp;&nbsp;UART_DMAError
</UL>

<P><STRONG><a name="[fe]"></a>HAL_UART_Init</STRONG> (Thumb, 106 bytes, Stack size 8 bytes, stm32l0xx_hal_uart.o(i.HAL_UART_Init))
<BR><BR>[Stack]<UL><LI>Max Depth = 88<LI>Call Chain = HAL_UART_Init &rArr; UART_SetConfig &rArr; __aeabi_uldivmod &rArr; __aeabi_llsr
</UL>
<BR>[Calls]<UL><LI><a href="#[100]">&gt;&gt;</a>&nbsp;&nbsp;&nbsp;UART_SetConfig
<LI><a href="#[102]">&gt;&gt;</a>&nbsp;&nbsp;&nbsp;UART_CheckIdleState
<LI><a href="#[101]">&gt;&gt;</a>&nbsp;&nbsp;&nbsp;UART_AdvFeatureConfig
<LI><a href="#[ff]">&gt;&gt;</a>&nbsp;&nbsp;&nbsp;HAL_UART_MspInit
</UL>
<BR>[Called By]<UL><LI><a href="#[22c]">&gt;&gt;</a>&nbsp;&nbsp;&nbsp;vcom_Init
<LI><a href="#[1b0]">&gt;&gt;</a>&nbsp;&nbsp;&nbsp;MX_USART2_UART_Init
</UL>

<P><STRONG><a name="[ff]"></a>HAL_UART_MspInit</STRONG> (Thumb, 140 bytes, Stack size 16 bytes, vcom.o(i.HAL_UART_MspInit))
<BR><BR>[Stack]<UL><LI>Max Depth = 80<LI>Call Chain = HAL_UART_MspInit &rArr; vcom_IoInit &rArr; HAL_GPIO_Init
</UL>
<BR>[Calls]<UL><LI><a href="#[dd]">&gt;&gt;</a>&nbsp;&nbsp;&nbsp;HAL_NVIC_SetPriority
<LI><a href="#[ec]">&gt;&gt;</a>&nbsp;&nbsp;&nbsp;HAL_NVIC_EnableIRQ
<LI><a href="#[d0]">&gt;&gt;</a>&nbsp;&nbsp;&nbsp;HAL_DMA_Init
<LI><a href="#[103]">&gt;&gt;</a>&nbsp;&nbsp;&nbsp;vcom_IoInit
</UL>
<BR>[Called By]<UL><LI><a href="#[fe]">&gt;&gt;</a>&nbsp;&nbsp;&nbsp;HAL_UART_Init
</UL>

<P><STRONG><a name="[104]"></a>HAL_UART_Transmit</STRONG> (Thumb, 206 bytes, Stack size 48 bytes, stm32l0xx_hal_uart.o(i.HAL_UART_Transmit))
<BR><BR>[Stack]<UL><LI>Max Depth = 88<LI>Call Chain = HAL_UART_Transmit &rArr; UART_WaitOnFlagUntilTimeout
</UL>
<BR>[Calls]<UL><LI><a href="#[93]">&gt;&gt;</a>&nbsp;&nbsp;&nbsp;HAL_GetTick
<LI><a href="#[105]">&gt;&gt;</a>&nbsp;&nbsp;&nbsp;UART_WaitOnFlagUntilTimeout
</UL>
<BR>[Called By]<UL><LI><a href="#[1b7]">&gt;&gt;</a>&nbsp;&nbsp;&nbsp;Modbus_Master_Write
</UL>

<P><STRONG><a name="[106]"></a>HAL_UART_Transmit_DMA</STRONG> (Thumb, 158 bytes, Stack size 24 bytes, stm32l0xx_hal_uart.o(i.HAL_UART_Transmit_DMA))
<BR><BR>[Stack]<UL><LI>Max Depth = 60<LI>Call Chain = HAL_UART_Transmit_DMA &rArr; HAL_DMA_Start_IT &rArr; DMA_SetConfig
</UL>
<BR>[Calls]<UL><LI><a href="#[d1]">&gt;&gt;</a>&nbsp;&nbsp;&nbsp;HAL_DMA_Start_IT
</UL>
<BR>[Called By]<UL><LI><a href="#[231]">&gt;&gt;</a>&nbsp;&nbsp;&nbsp;vcom_Trace
</UL>

<P><STRONG><a name="[237]"></a>HAL_UART_TxCpltCallback</STRONG> (Thumb, 6 bytes, Stack size 0 bytes, vcom.o(i.HAL_UART_TxCpltCallback))
<BR><BR>[Called By]<UL><LI><a href="#[28]">&gt;&gt;</a>&nbsp;&nbsp;&nbsp;UART_DMATransmitCplt
</UL>

<P><STRONG><a name="[238]"></a>HAL_UART_TxHalfCpltCallback</STRONG> (Thumb, 2 bytes, Stack size 0 bytes, stm32l0xx_hal_uart.o(i.HAL_UART_TxHalfCpltCallback))
<BR><BR>[Called By]<UL><LI><a href="#[29]">&gt;&gt;</a>&nbsp;&nbsp;&nbsp;UART_DMATxHalfCplt
</UL>

<P><STRONG><a name="[107]"></a>HW_AdcDeInit</STRONG> (Thumb, 16 bytes, Stack size 8 bytes, stm32l0xx_hw.o(i.HW_AdcDeInit))
<BR><BR>[Stack]<UL><LI>Max Depth = 48<LI>Call Chain = HW_AdcDeInit &rArr; HAL_ADC_DeInit &rArr; ADC_Disable
</UL>
<BR>[Calls]<UL><LI><a href="#[ca]">&gt;&gt;</a>&nbsp;&nbsp;&nbsp;HAL_ADC_DeInit
</UL>
<BR>[Called By]<UL><LI><a href="#[14c]">&gt;&gt;</a>&nbsp;&nbsp;&nbsp;LPM_EnterStopMode
</UL>

<P><STRONG><a name="[108]"></a>HW_AdcInit</STRONG> (Thumb, 78 bytes, Stack size 8 bytes, stm32l0xx_hw.o(i.HW_AdcInit))
<BR><BR>[Stack]<UL><LI>Max Depth = 24<LI>Call Chain = HW_AdcInit &rArr; HAL_ADC_Init
</UL>
<BR>[Calls]<UL><LI><a href="#[cc]">&gt;&gt;</a>&nbsp;&nbsp;&nbsp;HAL_ADC_Init
</UL>
<BR>[Called By]<UL><LI><a href="#[109]">&gt;&gt;</a>&nbsp;&nbsp;&nbsp;HW_AdcReadChannel
<LI><a href="#[111]">&gt;&gt;</a>&nbsp;&nbsp;&nbsp;HW_Init
</UL>

<P><STRONG><a name="[109]"></a>HW_AdcReadChannel</STRONG> (Thumb, 134 bytes, Stack size 32 bytes, stm32l0xx_hw.o(i.HW_AdcReadChannel))
<BR><BR>[Stack]<UL><LI>Max Depth = 100<LI>Call Chain = HW_AdcReadChannel &rArr; HAL_ADC_Start &rArr; ADC_Enable &rArr; ADC_DelayMicroSecond &rArr; __aeabi_uidivmod
</UL>
<BR>[Calls]<UL><LI><a href="#[cf]">&gt;&gt;</a>&nbsp;&nbsp;&nbsp;HAL_ADC_Start
<LI><a href="#[ce]">&gt;&gt;</a>&nbsp;&nbsp;&nbsp;HAL_ADC_PollForConversion
<LI><a href="#[10a]">&gt;&gt;</a>&nbsp;&nbsp;&nbsp;HAL_ADC_GetValue
<LI><a href="#[c9]">&gt;&gt;</a>&nbsp;&nbsp;&nbsp;HAL_ADC_ConfigChannel
<LI><a href="#[c8]">&gt;&gt;</a>&nbsp;&nbsp;&nbsp;HAL_ADCEx_Calibration_Start
<LI><a href="#[108]">&gt;&gt;</a>&nbsp;&nbsp;&nbsp;HW_AdcInit
</UL>
<BR>[Called By]<UL><LI><a href="#[6a]">&gt;&gt;</a>&nbsp;&nbsp;&nbsp;HW_GetTemperatureLevel
<LI><a href="#[110]">&gt;&gt;</a>&nbsp;&nbsp;&nbsp;HW_GetBatteryLevel
</UL>

<P><STRONG><a name="[10b]"></a>HW_GPIO_Init</STRONG> (Thumb, 80 bytes, Stack size 16 bytes, hw_gpio.o(i.HW_GPIO_Init))
<BR><BR>[Stack]<UL><LI>Max Depth = 40<LI>Call Chain = HW_GPIO_Init &rArr; HAL_GPIO_Init
</UL>
<BR>[Calls]<UL><LI><a href="#[ae]">&gt;&gt;</a>&nbsp;&nbsp;&nbsp;HAL_GPIO_Init
</UL>
[...]
<BR><BR>[Stack]<UL><LI>Max Depth = 172<LI>Call Chain = ResetMacParameters &rArr; RegionInitDefaults &rArr; RegionEU868InitDefaults &rArr; RegionCommonChanMaskCopy
</UL>
<BR>[Calls]<UL><LI><a href="#[a2]">&gt;&gt;</a>&nbsp;&nbsp;&nbsp;RegionInitDefaults
</UL>
<BR>[Called By]<UL><LI><a href="#[13e]">&gt;&gt;</a>&nbsp;&nbsp;&nbsp;LoRaMacInitialization
<LI><a href="#[143]">&gt;&gt;</a>&nbsp;&nbsp;&nbsp;LoRaMacMlmeRequest
</UL>

<P><STRONG><a name="[1c7]"></a>RxWindowSetup</STRONG> (Thumb, 52 bytes, Stack size 16 bytes, loramac.o(i.RxWindowSetup))
<BR><BR>[Stack]<UL><LI>Max Depth = 144<LI>Call Chain = RxWindowSetup &rArr; TimerStop &rArr; TimerSetTimeout &rArr; HW_RTC_SetAlarm &rArr; HW_RTC_StartWakeUpAlarm &rArr; HAL_RTC_SetAlarm_IT
</UL>
<BR>[Calls]<UL><LI><a href="#[181]">&gt;&gt;</a>&nbsp;&nbsp;&nbsp;TimerStop
<LI><a href="#[1ca]">&gt;&gt;</a>&nbsp;&nbsp;&nbsp;RegionRxConfig
</UL>
<BR>[Called By]<UL><LI><a href="#[33]">&gt;&gt;</a>&nbsp;&nbsp;&nbsp;OnRxWindow2TimerEvent
<LI><a href="#[32]">&gt;&gt;</a>&nbsp;&nbsp;&nbsp;OnRxWindow1TimerEvent
</UL>

<P><STRONG><a name="[1c8]"></a>ScheduleTx</STRONG> (Thumb, 358 bytes, Stack size 48 bytes, loramac.o(i.ScheduleTx))
<BR><BR>[Stack]<UL><LI>Max Depth = 368<LI>Call Chain = ScheduleTx &rArr; SecureFrame &rArr; LoRaMacCryptoSecureMessage &rArr; SecureElementComputeAesCmac &rArr; ComputeCmac &rArr; AES_CMAC_Update &rArr; aes_encrypt &rArr; mix_sub_columns
</UL>
<BR>[Calls]<UL><LI><a href="#[1c9]">&gt;&gt;</a>&nbsp;&nbsp;&nbsp;TimerStart
<LI><a href="#[1df]">&gt;&gt;</a>&nbsp;&nbsp;&nbsp;TimerSetValue
<LI><a href="#[20c]">&gt;&gt;</a>&nbsp;&nbsp;&nbsp;RegionNextChannel
<LI><a href="#[198]">&gt;&gt;</a>&nbsp;&nbsp;&nbsp;RegionComputeRxWindowParameters
<LI><a href="#[1e3]">&gt;&gt;</a>&nbsp;&nbsp;&nbsp;RegionApplyDrOffset
<LI><a href="#[1aa]">&gt;&gt;</a>&nbsp;&nbsp;&nbsp;LoRaMacCommandsGetSizeSerializedCmds
<LI><a href="#[21e]">&gt;&gt;</a>&nbsp;&nbsp;&nbsp;SendFrameOnChannel
<LI><a href="#[21d]">&gt;&gt;</a>&nbsp;&nbsp;&nbsp;SecureFrame
<LI><a href="#[c7]">&gt;&gt;</a>&nbsp;&nbsp;&nbsp;GetMaxAppPayloadWithoutFOptsLength
<LI><a href="#[a3]">&gt;&gt;</a>&nbsp;&nbsp;&nbsp;CalculateBackOff
</UL>
<BR>[Called By]<UL><LI><a href="#[1a0]">&gt;&gt;</a>&nbsp;&nbsp;&nbsp;SendReJoinReq
<LI><a href="#[191]">&gt;&gt;</a>&nbsp;&nbsp;&nbsp;Send
<LI><a href="#[31]">&gt;&gt;</a>&nbsp;&nbsp;&nbsp;OnTxDelayedTimerEvent
</UL>

<P><STRONG><a name="[21d]"></a>SecureFrame</STRONG> (Thumb, 106 bytes, Stack size 32 bytes, loramac.o(i.SecureFrame))
<BR><BR>[Stack]<UL><LI>Max Depth = 320<LI>Call Chain = SecureFrame &rArr; LoRaMacCryptoSecureMessage &rArr; SecureElementComputeAesCmac &rArr; ComputeCmac &rArr; AES_CMAC_Update &rArr; aes_encrypt &rArr; mix_sub_columns
</UL>
<BR>[Calls]<UL><LI><a href="#[172]">&gt;&gt;</a>&nbsp;&nbsp;&nbsp;LoRaMacCryptoSecureMessage
<LI><a href="#[16d]">&gt;&gt;</a>&nbsp;&nbsp;&nbsp;LoRaMacCryptoPrepareJoinRequest
<LI><a href="#[1cc]">&gt;&gt;</a>&nbsp;&nbsp;&nbsp;LoRaMacCryptoGetFCntUp
</UL>
<BR>[Called By]<UL><LI><a href="#[1c8]">&gt;&gt;</a>&nbsp;&nbsp;&nbsp;ScheduleTx
</UL>

<P><STRONG><a name="[1a8]"></a>SetMlmeScheduleUplinkIndication</STRONG> (Thumb, 12 bytes, Stack size 0 bytes, loramac.o(i.SetMlmeScheduleUplinkIndication))
<BR><BR>[Called By]<UL><LI><a href="#[1a5]">&gt;&gt;</a>&nbsp;&nbsp;&nbsp;LoRaMacProcess
<LI><a href="#[1ce]">&gt;&gt;</a>&nbsp;&nbsp;&nbsp;ProcessMacCommands
</UL>

<P><STRONG><a name="[182]"></a>StopRetransmission</STRONG> (Thumb, 68 bytes, Stack size 0 bytes, loramac.o(i.StopRetransmission))
<BR><BR>[Called By]<UL><LI><a href="#[31]">&gt;&gt;</a>&nbsp;&nbsp;&nbsp;OnTxDelayedTimerEvent
<LI><a href="#[180]">&gt;&gt;</a>&nbsp;&nbsp;&nbsp;LoRaMacHandleMcpsRequest
</UL>

<P><STRONG><a name="[195]"></a>SwitchClass</STRONG> (Thumb, 248 bytes, Stack size 24 bytes, loramac.o(i.SwitchClass))
<BR><BR>[Stack]<UL><LI>Max Depth = 256<LI>Call Chain = SwitchClass &rArr; RegionComputeRxWindowParameters &rArr; RegionEU868ComputeRxWindowParameters &rArr; RegionCommonComputeRxWindowParameters &rArr; ceil &rArr; __aeabi_drsub &rArr; __aeabi_dadd &rArr; _double_epilogue &rArr; __aeabi_llsr
</UL>
<BR>[Calls]<UL><LI><a href="#[198]">&gt;&gt;</a>&nbsp;&nbsp;&nbsp;RegionComputeRxWindowParameters
<LI><a href="#[225]">&gt;&gt;</a>&nbsp;&nbsp;&nbsp;LoRaMacClassBSwitchClass
<LI><a href="#[199]">&gt;&gt;</a>&nbsp;&nbsp;&nbsp;OpenContinuousRxCWindow
<LI><a href="#[127]">&gt;&gt;</a>&nbsp;&nbsp;&nbsp;__aeabi_memcpy4
</UL>
<BR>[Called By]<UL><LI><a href="#[1a0]">&gt;&gt;</a>&nbsp;&nbsp;&nbsp;SendReJoinReq
<LI><a href="#[13f]">&gt;&gt;</a>&nbsp;&nbsp;&nbsp;LoRaMacMibSetRequestConfirm
</UL>

<P><STRONG><a name="[138]"></a>UpdateRxSlotIdleState</STRONG> (Thumb, 18 bytes, Stack size 0 bytes, loramac.o(i.UpdateRxSlotIdleState))
<BR><BR>[Called By]<UL><LI><a href="#[17f]">&gt;&gt;</a>&nbsp;&nbsp;&nbsp;ProcessRadioRxDone
<LI><a href="#[1cd]">&gt;&gt;</a>&nbsp;&nbsp;&nbsp;PrepareRxDoneAbort
<LI><a href="#[17d]">&gt;&gt;</a>&nbsp;&nbsp;&nbsp;LoRaMacHandleIrqEvents
<LI><a href="#[12d]">&gt;&gt;</a>&nbsp;&nbsp;&nbsp;HandleRadioRxErrorTimeout
</UL>

<P><STRONG><a name="[a1]"></a>CalcNextV10X</STRONG> (Thumb, 176 bytes, Stack size 64 bytes, loramacadr.o(i.CalcNextV10X))
<BR><BR>[Stack]<UL><LI>Max Depth = 204<LI>Call Chain = CalcNextV10X &rArr; RegionInitDefaults &rArr; RegionEU868InitDefaults &rArr; RegionCommonChanMaskCopy
</UL>
<BR>[Calls]<UL><LI><a href="#[a2]">&gt;&gt;</a>&nbsp;&nbsp;&nbsp;RegionInitDefaults
<LI><a href="#[a0]">&gt;&gt;</a>&nbsp;&nbsp;&nbsp;RegionGetPhyParam
<LI><a href="#[75]">&gt;&gt;</a>&nbsp;&nbsp;&nbsp;__aeabi_uidivmod
</UL>
<BR>[Called By]<UL><LI><a href="#[153]">&gt;&gt;</a>&nbsp;&nbsp;&nbsp;LoRaMacAdrCalcNext
</UL>

<P><STRONG><a name="[155]"></a>IsSticky</STRONG> (Thumb, 20 bytes, Stack size 0 bytes, loramaccommands.o(i.IsSticky))
<BR><BR>[Called By]<UL><LI><a href="#[15a]">&gt;&gt;</a>&nbsp;&nbsp;&nbsp;LoRaMacCommandsRemoveStickyAnsCmds
<LI><a href="#[154]">&gt;&gt;</a>&nbsp;&nbsp;&nbsp;LoRaMacCommandsAddCmd
</UL>

<P><STRONG><a name="[156]"></a>NvmCtxCallback</STRONG> (Thumb, 12 bytes, Stack size 0 bytes, loramaccommands.o(i.NvmCtxCallback))
<BR><BR>[Called By]<UL><LI><a href="#[15a]">&gt;&gt;</a>&nbsp;&nbsp;&nbsp;LoRaMacCommandsRemoveStickyAnsCmds
<LI><a href="#[159]">&gt;&gt;</a>&nbsp;&nbsp;&nbsp;LoRaMacCommandsRemoveNoneStickyCmds
<LI><a href="#[154]">&gt;&gt;</a>&nbsp;&nbsp;&nbsp;LoRaMacCommandsAddCmd
<LI><a href="#[158]">&gt;&gt;</a>&nbsp;&nbsp;&nbsp;LoRaMacCommandsRemoveCmd
</UL>

<P><STRONG><a name="[c1]"></a>GetElement</STRONG> (Thumb, 28 bytes, Stack size 16 bytes, loramacconfirmqueue.o(i.GetElement))
<BR><BR>[Stack]<UL><LI>Max Depth = 16<LI>Call Chain = GetElement
</UL>
<BR>[Calls]<UL><LI><a href="#[c2]">&gt;&gt;</a>&nbsp;&nbsp;&nbsp;IncreaseBufferPointer
</UL>
<BR>[Called By]<UL><LI><a href="#[163]">&gt;&gt;</a>&nbsp;&nbsp;&nbsp;LoRaMacConfirmQueueSetStatus
<LI><a href="#[a5]">&gt;&gt;</a>&nbsp;&nbsp;&nbsp;LoRaMacConfirmQueueIsCmdActive
<LI><a href="#[15e]">&gt;&gt;</a>&nbsp;&nbsp;&nbsp;LoRaMacConfirmQueueGetStatus
</UL>

<P><STRONG><a name="[c2]"></a>IncreaseBufferPointer</STRONG> (Thumb, 20 bytes, Stack size 0 bytes, loramacconfirmqueue.o(i.IncreaseBufferPointer))
<BR><BR>[Called By]<UL><LI><a href="#[137]">&gt;&gt;</a>&nbsp;&nbsp;&nbsp;LoRaMacConfirmQueueSetStatusCmn
<LI><a href="#[15d]">&gt;&gt;</a>&nbsp;&nbsp;&nbsp;LoRaMacConfirmQueueAdd
<LI><a href="#[160]">&gt;&gt;</a>&nbsp;&nbsp;&nbsp;LoRaMacConfirmQueueRemoveFirst
<LI><a href="#[c1]">&gt;&gt;</a>&nbsp;&nbsp;&nbsp;GetElement
</UL>

<P><STRONG><a name="[b4]"></a>DeriveSessionKey10x</STRONG> (Thumb, 144 bytes, Stack size 40 bytes, loramaccrypto.o(i.DeriveSessionKey10x))
<BR><BR>[Stack]<UL><LI>Max Depth = 240<LI>Call Chain = DeriveSessionKey10x &rArr; SecureElementDeriveAndStoreKey &rArr; SecureElementSetKey &rArr; SecureElementAesEncrypt &rArr; aes_encrypt &rArr; mix_sub_columns
</UL>
<BR>[Calls]<UL><LI><a href="#[9a]">&gt;&gt;</a>&nbsp;&nbsp;&nbsp;memcpy1
<LI><a href="#[b5]">&gt;&gt;</a>&nbsp;&nbsp;&nbsp;SecureElementDeriveAndStoreKey
</UL>
<BR>[Called By]<UL><LI><a href="#[166]">&gt;&gt;</a>&nbsp;&nbsp;&nbsp;LoRaMacCryptoHandleJoinAccept
</UL>

<P><STRONG><a name="[2f]"></a>DummyCB</STRONG> (Thumb, 2 bytes, Stack size 0 bytes, loramaccrypto.o(i.DummyCB))
<BR>[Address Reference Count : 1]<UL><LI> loramaccrypto.o(i.LoRaMacCryptoInit)
</UL>
<P><STRONG><a name="[17a]"></a>GetKeyAddrItem</STRONG> (Thumb, 36 bytes, Stack size 8 bytes, loramaccrypto.o(i.GetKeyAddrItem))
<BR><BR>[Stack]<UL><LI>Max Depth = 8<LI>Call Chain = GetKeyAddrItem
</UL>
<BR>[Called By]<UL><LI><a href="#[178]">&gt;&gt;</a>&nbsp;&nbsp;&nbsp;LoRaMacCryptoUnsecureMessage
</UL>

<P><STRONG><a name="[c6]"></a>GetLastFcntDown</STRONG> (Thumb, 86 bytes, Stack size 4 bytes, loramaccrypto.o(i.GetLastFcntDown))
<BR><BR>[Stack]<UL><LI>Max Depth = 12<LI>Call Chain = GetLastFcntDown &rArr; __ARM_common_switch8
</UL>
<BR>[Calls]<UL><LI><a href="#[c4]">&gt;&gt;</a>&nbsp;&nbsp;&nbsp;__ARM_common_switch8
</UL>
<BR>[Called By]<UL><LI><a href="#[178]">&gt;&gt;</a>&nbsp;&nbsp;&nbsp;LoRaMacCryptoUnsecureMessage
<LI><a href="#[c5]">&gt;&gt;</a>&nbsp;&nbsp;&nbsp;LoRaMacCryptoGetFCntDown
</UL>

<P><STRONG><a name="[173]"></a>PayloadEncrypt</STRONG> (Thumb, 150 bytes, Stack size 88 bytes, loramaccrypto.o(i.PayloadEncrypt))
<BR><BR>[Stack]<UL><LI>Max Depth = 208<LI>Call Chain = PayloadEncrypt &rArr; SecureElementAesEncrypt &rArr; aes_encrypt &rArr; mix_sub_columns
</UL>
<BR>[Calls]<UL><LI><a href="#[167]">&gt;&gt;</a>&nbsp;&nbsp;&nbsp;SecureElementAesEncrypt
</UL>
<BR>[Called By]<UL><LI><a href="#[178]">&gt;&gt;</a>&nbsp;&nbsp;&nbsp;LoRaMacCryptoUnsecureMessage
<LI><a href="#[172]">&gt;&gt;</a>&nbsp;&nbsp;&nbsp;LoRaMacCryptoSecureMessage
</UL>

<P><STRONG><a name="[175]"></a>PrepareB0</STRONG> (Thumb, 90 bytes, Stack size 16 bytes, loramaccrypto.o(i.PrepareB0))
<BR><BR>[Stack]<UL><LI>Max Depth = 16<LI>Call Chain = PrepareB0
</UL>
<BR>[Called By]<UL><LI><a href="#[172]">&gt;&gt;</a>&nbsp;&nbsp;&nbsp;LoRaMacCryptoSecureMessage
<LI><a href="#[17b]">&gt;&gt;</a>&nbsp;&nbsp;&nbsp;VerifyCmacB0
</UL>

<P><STRONG><a name="[16c]"></a>ResetFCnts</STRONG> (Thumb, 34 bytes, Stack size 0 bytes, loramaccrypto.o(i.ResetFCnts))
<BR><BR>[Called By]<UL><LI><a href="#[16b]">&gt;&gt;</a>&nbsp;&nbsp;&nbsp;LoRaMacCryptoInit
</UL>

<P><STRONG><a name="[17c]"></a>UpdateFCntDown</STRONG> (Thumb, 54 bytes, Stack size 8 bytes, loramaccrypto.o(i.UpdateFCntDown))
<BR><BR>[Stack]<UL><LI>Max Depth = 16<LI>Call Chain = UpdateFCntDown &rArr; __ARM_common_switch8
</UL>
<BR>[Calls]<UL><LI><a href="#[c4]">&gt;&gt;</a>&nbsp;&nbsp;&nbsp;__ARM_common_switch8
</UL>
<BR>[Called By]<UL><LI><a href="#[178]">&gt;&gt;</a>&nbsp;&nbsp;&nbsp;LoRaMacCryptoUnsecureMessage
</UL>

<P><STRONG><a name="[17b]"></a>VerifyCmacB0</STRONG> (Thumb, 102 bytes, Stack size 320 bytes, loramaccrypto.o(i.VerifyCmacB0))
<BR><BR>[Stack]<UL><LI>Max Depth = 536<LI>Call Chain = VerifyCmacB0 &rArr; SecureElementVerifyAesCmac &rArr; ComputeCmac &rArr; AES_CMAC_Update &rArr; aes_encrypt &rArr; mix_sub_columns
</UL>
<BR>[Calls]<UL><LI><a href="#[9a]">&gt;&gt;</a>&nbsp;&nbsp;&nbsp;memcpy1
<LI><a href="#[98]">&gt;&gt;</a>&nbsp;&nbsp;&nbsp;memset1
<LI><a href="#[16a]">&gt;&gt;</a>&nbsp;&nbsp;&nbsp;SecureElementVerifyAesCmac
<LI><a href="#[175]">&gt;&gt;</a>&nbsp;&nbsp;&nbsp;PrepareB0
</UL>
<BR>[Called By]<UL><LI><a href="#[178]">&gt;&gt;</a>&nbsp;&nbsp;&nbsp;LoRaMacCryptoUnsecureMessage
</UL>

<P><STRONG><a name="[aa]"></a>CountNbOfEnabledChannels</STRONG> (Thumb, 158 bytes, Stack size 56 bytes, regioneu868.o(i.CountNbOfEnabledChannels))
<BR><BR>[Stack]<UL><LI>Max Depth = 56<LI>Call Chain = CountNbOfEnabledChannels
</UL>
<BR>[Calls]<UL><LI><a href="#[ab]">&gt;&gt;</a>&nbsp;&nbsp;&nbsp;RegionCommonValueInRange
</UL>
<BR>[Called By]<UL><LI><a href="#[202]">&gt;&gt;</a>&nbsp;&nbsp;&nbsp;RegionEU868NextChannel
</UL>

<P><STRONG><a name="[1fb]"></a>GetBandwidth</STRONG> (Thumb, 28 bytes, Stack size 0 bytes, regioneu868.o(i.GetBandwidth))
<BR><BR>[Called By]<UL><LI><a href="#[209]">&gt;&gt;</a>&nbsp;&nbsp;&nbsp;RegionEU868TxConfig
<LI><a href="#[1f4]">&gt;&gt;</a>&nbsp;&nbsp;&nbsp;RegionEU868ComputeRxWindowParameters
</UL>

<P><STRONG><a name="[208]"></a>LimitTxPower</STRONG> (Thumb, 8 bytes, Stack size 0 bytes, regioneu868.o(i.LimitTxPower))
<BR><BR>[Called By]<UL><LI><a href="#[209]">&gt;&gt;</a>&nbsp;&nbsp;&nbsp;RegionEU868TxConfig
<LI><a href="#[207]">&gt;&gt;</a>&nbsp;&nbsp;&nbsp;RegionEU868SetContinuousWave
</UL>

<P><STRONG><a name="[1f9]"></a>VerifyRfFreq</STRONG> (Thumb, 110 bytes, Stack size 16 bytes, regioneu868.o(i.VerifyRfFreq))
<BR><BR>[Stack]<UL><LI>Max Depth = 16<LI>Call Chain = VerifyRfFreq
</UL>
<BR>[Called By]<UL><LI><a href="#[20a]">&gt;&gt;</a>&nbsp;&nbsp;&nbsp;RegionEU868Verify
<LI><a href="#[204]">&gt;&gt;</a>&nbsp;&nbsp;&nbsp;RegionEU868RxParamSetupReq
<LI><a href="#[1f5]">&gt;&gt;</a>&nbsp;&nbsp;&nbsp;RegionEU868DlChannelReq
<LI><a href="#[1f6]">&gt;&gt;</a>&nbsp;&nbsp;&nbsp;RegionEU868ChannelAdd
</UL>

<P><STRONG><a name="[245]"></a>add_elementSize_and_inc_writeIdx</STRONG> (Thumb, 48 bytes, Stack size 12 bytes, queue.o(i.add_elementSize_and_inc_writeIdx))
<BR><BR>[Stack]<UL><LI>Max Depth = 12<LI>Call Chain = add_elementSize_and_inc_writeIdx
</UL>
<BR>[Called By]<UL><LI><a href="#[22f]">&gt;&gt;</a>&nbsp;&nbsp;&nbsp;circular_queue_add
</UL>

<P><STRONG><a name="[246]"></a>queue_copy</STRONG> (Thumb, 22 bytes, Stack size 0 bytes, queue.o(i.queue_copy))
<BR><BR>[Called By]<UL><LI><a href="#[22f]">&gt;&gt;</a>&nbsp;&nbsp;&nbsp;circular_queue_add
</UL>

<P><STRONG><a name="[228]"></a>TimerInsertNewHeadTimer</STRONG> (Thumb, 24 bytes, Stack size 8 bytes, timeserver.o(i.TimerInsertNewHeadTimer))
<BR><BR>[Stack]<UL><LI>Max Depth = 120<LI>Call Chain = TimerInsertNewHeadTimer &rArr; TimerSetTimeout &rArr; HW_RTC_SetAlarm &rArr; HW_RTC_StartWakeUpAlarm &rArr; HAL_RTC_SetAlarm_IT
</UL>
<BR>[Calls]<UL><LI><a href="#[229]">&gt;&gt;</a>&nbsp;&nbsp;&nbsp;TimerSetTimeout
</UL>
<BR>[Called By]<UL><LI><a href="#[1c9]">&gt;&gt;</a>&nbsp;&nbsp;&nbsp;TimerStart
</UL>

<P><STRONG><a name="[229]"></a>TimerSetTimeout</STRONG> (Thumb, 44 bytes, Stack size 16 bytes, timeserver.o(i.TimerSetTimeout))
<BR><BR>[Stack]<UL><LI>Max Depth = 112<LI>Call Chain = TimerSetTimeout &rArr; HW_RTC_SetAlarm &rArr; HW_RTC_StartWakeUpAlarm &rArr; HAL_RTC_SetAlarm_IT
</UL>
<BR>[Calls]<UL><LI><a href="#[123]">&gt;&gt;</a>&nbsp;&nbsp;&nbsp;HW_RTC_SetAlarm
<LI><a href="#[11e]">&gt;&gt;</a>&nbsp;&nbsp;&nbsp;HW_RTC_GetTimerElapsedTime
<LI><a href="#[22b]">&gt;&gt;</a>&nbsp;&nbsp;&nbsp;HW_RTC_GetMinimumTimeout
</UL>
<BR>[Called By]<UL><LI><a href="#[181]">&gt;&gt;</a>&nbsp;&nbsp;&nbsp;TimerStop
<LI><a href="#[e3]">&gt;&gt;</a>&nbsp;&nbsp;&nbsp;TimerIrqHandler
<LI><a href="#[228]">&gt;&gt;</a>&nbsp;&nbsp;&nbsp;TimerInsertNewHeadTimer
</UL>

<P><STRONG><a name="[40]"></a>Trace_TxCpltCallback</STRONG> (Thumb, 70 bytes, Stack size 16 bytes, trace.o(i.Trace_TxCpltCallback))
<BR><BR>[Stack]<UL><LI>Max Depth = 84<LI>Call Chain = Trace_TxCpltCallback &rArr; vcom_Trace &rArr; HAL_UART_Transmit_DMA &rArr; HAL_DMA_Start_IT &rArr; DMA_SetConfig
</UL>
<BR>[Calls]<UL><LI><a href="#[231]">&gt;&gt;</a>&nbsp;&nbsp;&nbsp;vcom_Trace
<LI><a href="#[122]">&gt;&gt;</a>&nbsp;&nbsp;&nbsp;LPM_SetStopMode
<LI><a href="#[233]">&gt;&gt;</a>&nbsp;&nbsp;&nbsp;circular_queue_sense
<LI><a href="#[232]">&gt;&gt;</a>&nbsp;&nbsp;&nbsp;circular_queue_remove
<LI><a href="#[230]">&gt;&gt;</a>&nbsp;&nbsp;&nbsp;circular_queue_get
</UL>
<BR>[Address Reference Count : 1]<UL><LI> trace.o(i.TraceInit)
</UL>
<P><STRONG><a name="[241]"></a>copy_and_key</STRONG> (Thumb, 132 bytes, Stack size 8 bytes, aes.o(i.copy_and_key))
<BR><BR>[Stack]<UL><LI>Max Depth = 8<LI>Call Chain = copy_and_key
</UL>
<BR>[Called By]<UL><LI><a href="#[99]">&gt;&gt;</a>&nbsp;&nbsp;&nbsp;aes_encrypt
</UL>

<P><STRONG><a name="[248]"></a>copy_block</STRONG> (Thumb, 66 bytes, Stack size 0 bytes, aes.o(i.copy_block))
<BR><BR>[Called By]<UL><LI><a href="#[242]">&gt;&gt;</a>&nbsp;&nbsp;&nbsp;mix_sub_columns
</UL>

<P><STRONG><a name="[242]"></a>mix_sub_columns</STRONG> (Thumb, 532 bytes, Stack size 32 bytes, aes.o(i.mix_sub_columns))
<BR><BR>[Stack]<UL><LI>Max Depth = 32<LI>Call Chain = mix_sub_columns
</UL>
<BR>[Calls]<UL><LI><a href="#[248]">&gt;&gt;</a>&nbsp;&nbsp;&nbsp;copy_block
</UL>
<BR>[Called By]<UL><LI><a href="#[99]">&gt;&gt;</a>&nbsp;&nbsp;&nbsp;aes_encrypt
</UL>

<P><STRONG><a name="[244]"></a>shift_sub_rows</STRONG> (Thumb, 100 bytes, Stack size 0 bytes, aes.o(i.shift_sub_rows))
<BR><BR>[Called By]<UL><LI><a href="#[99]">&gt;&gt;</a>&nbsp;&nbsp;&nbsp;aes_encrypt
</UL>

<P><STRONG><a name="[243]"></a>xor_block</STRONG> (Thumb, 130 bytes, Stack size 0 bytes, aes.o(i.xor_block))
<BR><BR>[Called By]<UL><LI><a href="#[99]">&gt;&gt;</a>&nbsp;&nbsp;&nbsp;aes_encrypt
</UL>

<P><STRONG><a name="[a7]"></a>ComputeCmac</STRONG> (Thumb, 110 bytes, Stack size 64 bytes, soft-se.o(i.ComputeCmac))
<BR><BR>[Stack]<UL><LI>Max Depth = 200<LI>Call Chain = ComputeCmac &rArr; AES_CMAC_Update &rArr; aes_encrypt &rArr; mix_sub_columns
</UL>
<BR>[Calls]<UL><LI><a href="#[a8]">&gt;&gt;</a>&nbsp;&nbsp;&nbsp;GetKeyByID
<LI><a href="#[9e]">&gt;&gt;</a>&nbsp;&nbsp;&nbsp;AES_CMAC_Update
<LI><a href="#[9c]">&gt;&gt;</a>&nbsp;&nbsp;&nbsp;AES_CMAC_SetKey
<LI><a href="#[9b]">&gt;&gt;</a>&nbsp;&nbsp;&nbsp;AES_CMAC_Init
<LI><a href="#[97]">&gt;&gt;</a>&nbsp;&nbsp;&nbsp;AES_CMAC_Final
<LI><a href="#[a9]">&gt;&gt;</a>&nbsp;&nbsp;&nbsp;__aeabi_uread4
</UL>
<BR>[Called By]<UL><LI><a href="#[16a]">&gt;&gt;</a>&nbsp;&nbsp;&nbsp;SecureElementVerifyAesCmac
<LI><a href="#[170]">&gt;&gt;</a>&nbsp;&nbsp;&nbsp;SecureElementComputeAesCmac
</UL>

<P><STRONG><a name="[3f]"></a>DummyCB</STRONG> (Thumb, 2 bytes, Stack size 0 bytes, soft-se.o(i.DummyCB))
<BR>[Address Reference Count : 1]<UL><LI> soft-se.o(i.SecureElementInit)
</UL>
<P><STRONG><a name="[1b5]"></a>crc16_update</STRONG> (Thumb, 26 bytes, Stack size 0 bytes, modbus_master.o(i.crc16_update))
<BR><BR>[Called By]<UL><LI><a href="#[1b4]">&gt;&gt;</a>&nbsp;&nbsp;&nbsp;ModbusMaster_ModbusMasterTransaction
</UL>

<P><STRONG><a name="[23e]"></a>_fp_digits</STRONG> (Thumb, 344 bytes, Stack size 64 bytes, printfa.o(i._fp_digits), UNUSED)
<BR><BR>[Calls]<UL><LI><a href="#[87]">&gt;&gt;</a>&nbsp;&nbsp;&nbsp;__aeabi_dmul
<LI><a href="#[88]">&gt;&gt;</a>&nbsp;&nbsp;&nbsp;__aeabi_ddiv
<LI><a href="#[81]">&gt;&gt;</a>&nbsp;&nbsp;&nbsp;__aeabi_dadd
<LI><a href="#[215]">&gt;&gt;</a>&nbsp;&nbsp;&nbsp;__aeabi_cdrcmple
<LI><a href="#[90]">&gt;&gt;</a>&nbsp;&nbsp;&nbsp;__aeabi_d2ulz
<LI><a href="#[76]">&gt;&gt;</a>&nbsp;&nbsp;&nbsp;__aeabi_uldivmod
</UL>
<BR>[Called By]<UL><LI><a href="#[23d]">&gt;&gt;</a>&nbsp;&nbsp;&nbsp;_printf_core
</UL>

<P><STRONG><a name="[23d]"></a>_printf_core</STRONG> (Thumb, 1754 bytes, Stack size 128 bytes, printfa.o(i._printf_core), UNUSED)
<BR><BR>[Calls]<UL><LI><a href="#[23f]">&gt;&gt;</a>&nbsp;&nbsp;&nbsp;_printf_pre_padding
<LI><a href="#[240]">&gt;&gt;</a>&nbsp;&nbsp;&nbsp;_printf_post_padding
<LI><a href="#[23e]">&gt;&gt;</a>&nbsp;&nbsp;&nbsp;_fp_digits
<LI><a href="#[76]">&gt;&gt;</a>&nbsp;&nbsp;&nbsp;__aeabi_uldivmod
<LI><a href="#[75]">&gt;&gt;</a>&nbsp;&nbsp;&nbsp;__aeabi_uidivmod
</UL>
<BR>[Called By]<UL><LI><a href="#[23c]">&gt;&gt;</a>&nbsp;&nbsp;&nbsp;__0vsnprintf
</UL>

<P><STRONG><a name="[240]"></a>_printf_post_padding</STRONG> (Thumb, 32 bytes, Stack size 24 bytes, printfa.o(i._printf_post_padding), UNUSED)
<BR><BR>[Called By]<UL><LI><a href="#[23d]">&gt;&gt;</a>&nbsp;&nbsp;&nbsp;_printf_core
</UL>

<P><STRONG><a name="[23f]"></a>_printf_pre_padding</STRONG> (Thumb, 44 bytes, Stack size 40 bytes, printfa.o(i._printf_pre_padding), UNUSED)
<BR><BR>[Called By]<UL><LI><a href="#[23d]">&gt;&gt;</a>&nbsp;&nbsp;&nbsp;_printf_core
</UL>

<P><STRONG><a name="[41]"></a>_snputc</STRONG> (Thumb, 22 bytes, Stack size 0 bytes, printfa.o(i._snputc))
<BR>[Address Reference Count : 1]<UL><LI> printfa.o(i.__0vsnprintf)
</UL><P>
<H3>
Undefined Global Symbols
</H3><HR></body></html>
