<html>
<body>
<pre>
<h1>µVision Build Log</h1>
<h2>Tool Versions:</h2>
IDE-Version: µVision V5.29.0.0
Copyright (C) 2019 ARM Ltd and ARM Germany GmbH. All rights reserved.
License Information: Mahmoud Moez, none, LIC=9WSKC-7QLHG-BSDYX-HIBF9-JKCDG-2VB7C
 
Tool Versions:
Toolchain:       MDK-ARM Plus  Version: 5.29.0.0
Toolchain Path:  C:\Keil_v5\ARM\ARMCC\Bin
C Compiler:      Armcc.exe V5.06 update 6 (build 750)
Assembler:       Armasm.exe V5.06 update 6 (build 750)
Linker/Locator:  ArmLink.exe V5.06 update 6 (build 750)
Library Manager: ArmAr.exe V5.06 update 6 (build 750)
Hex Converter:   FromElf.exe V5.06 update 6 (build 750)
CPU DLL:         SARMCM3.DLL V5.29.0.0
Dialog DLL:      DARMCM1.DLL V1.19.2.0
Target DLL:      STLink\ST-LINKIII-KEIL_SWO.dll V3.0.7.0
Dialog DLL:      TARMCM1.DLL V1.14.1.0
 
<h2>Project:</h2>
C:\Users\infoplus\Desktop\lora code +modbus read+ write tested stm32l073demo(2)\en.i-cube_lrwan\en.i-cube_lrwan\STM32CubeExpansion_LRWAN_V1.3.1\End_Node\MDK-ARM\Lora.uvprojx
Project File Date:  05/19/2021

<h2>Output:</h2>
*** Using Compiler 'V5.06 update 6 (build 750)', folder: 'C:\Keil_v5\ARM\ARMCC\Bin'
Build target 'sx1272mb2das'
compiling modbus_master.c...
..\..\Drivers\Modbus_Master\modbus_master.c(4): warning:  #177-D: variable "ku8MBIllegalFunction"  was declared but never referenced
   static const uint8_t ku8MBIllegalFunction            = 0x01;
..\..\Drivers\Modbus_Master\modbus_master.c(6): warning:  #177-D: variable "ku8MBIllegalDataValue"  was declared but never referenced
   static const uint8_t ku8MBIllegalDataValue           = 0x03;
..\..\Drivers\Modbus_Master\modbus_master.c(7): warning:  #177-D: variable "ku8MBSlaveDeviceFailure"  was declared but never referenced
   static const uint8_t ku8MBSlaveDeviceFailure         = 0x04;
..\..\Drivers\Modbus_Master\modbus_master.c: 3 warnings, 0 errors
linking...
Program Size: Code=51408 RO-data=1864 RW-data=288 ZI-data=7272  
FromELF: creating hex file...
".\sx1272mb2das\NUCLEO_CUBE_LORA.axf" - 0 Error(s), 3 Warning(s).

<h2>Software Packages used:</h2>

Package Vendor: Keil
                http://www.keil.com/pack/Keil.STM32L0xx_DFP.2.1.0.pack
                Keil.STM32L0xx_DFP.2.1.0
                STMicroelectronics STM32L0 Series Device Support, Drivers and Examples

<h2>Collection of Component include folders:</h2>
  .\RTE\_sx1272mb2das
  C:\Users\infoplus\AppData\Local\Arm\Packs\Keil\STM32L0xx_DFP\2.1.0\Drivers\CMSIS\Device\ST\STM32L0xx\Include

<h2>Collection of Component Files used:</h2>
Build Time Elapsed:  00:00:19
</pre>
</body>
</html>
